Copyright 1986-2022 Xilinx, Inc. All Rights Reserved. Copyright 2022-2024 Advanced Micro Devices, Inc. All Rights Reserved.
--------------------------------------------------------------------------------------------------------------------------------------------------------------------------------------
| Tool Version : Vivado v.2024.2 (win64) Build 5239630 Fri Nov 08 22:35:27 MST 2024
| Date         : Fri Feb 20 21:49:12 2026
| Host         : RYANSUNDERMA8F8 running 64-bit major release  (build 9200)
| Command      : report_methodology -file design_1_wrapper_methodology_drc_routed.rpt -pb design_1_wrapper_methodology_drc_routed.pb -rpx design_1_wrapper_methodology_drc_routed.rpx
| Design       : design_1_wrapper
| Device       : xc7z020clg400-1
| Speed File   : -1
| Design State : Fully Routed
--------------------------------------------------------------------------------------------------------------------------------------------------------------------------------------

Report Methodology

Table of Contents
-----------------
1. REPORT SUMMARY
2. REPORT DETAILS

1. REPORT SUMMARY
-----------------
            Netlist: netlist
          Floorplan: design_1
      Design limits: <entire design considered>
             Max checks: <unlimited>
             Checks found: 36
+-----------+------------------+------------------------------------------------+--------+
| Rule      | Severity         | Description                                    | Checks |
+-----------+------------------+------------------------------------------------+--------+
| TIMING-6  | Critical Warning | No common primary clock between related clocks | 1      |
| TIMING-7  | Critical Warning | No common node between related clocks          | 1      |
| TIMING-16 | Warning          | Large setup violation                          | 33     |
| TIMING-18 | Warning          | Missing input or output delay                  | 1      |
+-----------+------------------+------------------------------------------------+--------+

2. REPORT DETAILS
-----------------
TIMING-6#1 Critical Warning
No common primary clock between related clocks  
The clocks clk_fpga_0 and clk_fpga_1 are related (timed together) but they have no common primary clock. The design could fail in hardware. To find a timing path between these clocks, run the following command: report_timing -from [get_clocks clk_fpga_0] -to [get_clocks clk_fpga_1]
Related violations: <none>

TIMING-7#1 Critical Warning
No common node between related clocks  
The clocks clk_fpga_0 and clk_fpga_1 are related (timed together) but they have no common node. The design could fail in hardware. To find a timing path between these clocks, run the following command: report_timing -from [get_clocks clk_fpga_0] -to [get_clocks clk_fpga_1]
Related violations: <none>

TIMING-16#1 Warning
Large setup violation  
There is a large setup violation of -41.383 ns between design_1_i/axi_pwm_12ch_0/inst/axi_pwm_12ch_slave_lite_v1_0_S00_AXI_inst/slv_reg0_reg[0]/C (clocked by clk_fpga_0) and design_1_i/axi_pwm_12ch_0/inst/pwm2_inst0/output_buffer_reg/D (clocked by clk_fpga_1). Large setup violations at the end of those stages might be difficult to fix during the post-placement implementation flow and could be the result of non-optimal XDC constraints or non-optimal design architecture
Related violations: <none>

TIMING-16#2 Warning
Large setup violation  
There is a large setup violation of -42.214 ns between design_1_i/axi_pwm_12ch_0/inst/axi_pwm_12ch_slave_lite_v1_0_S00_AXI_inst/slv_reg0_reg[0]_replica/C (clocked by clk_fpga_0) and design_1_i/axi_pwm_12ch_0/inst/pwm2_inst0/counter_reg[0]/R (clocked by clk_fpga_1). Large setup violations at the end of those stages might be difficult to fix during the post-placement implementation flow and could be the result of non-optimal XDC constraints or non-optimal design architecture
Related violations: <none>

TIMING-16#3 Warning
Large setup violation  
There is a large setup violation of -42.214 ns between design_1_i/axi_pwm_12ch_0/inst/axi_pwm_12ch_slave_lite_v1_0_S00_AXI_inst/slv_reg0_reg[0]_replica/C (clocked by clk_fpga_0) and design_1_i/axi_pwm_12ch_0/inst/pwm2_inst0/counter_reg[16]/R (clocked by clk_fpga_1). Large setup violations at the end of those stages might be difficult to fix during the post-placement implementation flow and could be the result of non-optimal XDC constraints or non-optimal design architecture
Related violations: <none>

TIMING-16#4 Warning
Large setup violation  
There is a large setup violation of -42.214 ns between design_1_i/axi_pwm_12ch_0/inst/axi_pwm_12ch_slave_lite_v1_0_S00_AXI_inst/slv_reg0_reg[0]_replica/C (clocked by clk_fpga_0) and design_1_i/axi_pwm_12ch_0/inst/pwm2_inst0/counter_reg[17]/R (clocked by clk_fpga_1). Large setup violations at the end of those stages might be difficult to fix during the post-placement implementation flow and could be the result of non-optimal XDC constraints or non-optimal design architecture
Related violations: <none>

TIMING-16#5 Warning
Large setup violation  
There is a large setup violation of -42.214 ns between design_1_i/axi_pwm_12ch_0/inst/axi_pwm_12ch_slave_lite_v1_0_S00_AXI_inst/slv_reg0_reg[0]_replica/C (clocked by clk_fpga_0) and design_1_i/axi_pwm_12ch_0/inst/pwm2_inst0/counter_reg[18]/R (clocked by clk_fpga_1). Large setup violations at the end of those stages might be difficult to fix during the post-placement implementation flow and could be the result of non-optimal XDC constraints or non-optimal design architecture
Related violations: <none>

TIMING-16#6 Warning
Large setup violation  
There is a large setup violation of -42.214 ns between design_1_i/axi_pwm_12ch_0/inst/axi_pwm_12ch_slave_lite_v1_0_S00_AXI_inst/slv_reg0_reg[0]_replica/C (clocked by clk_fpga_0) and design_1_i/axi_pwm_12ch_0/inst/pwm2_inst0/counter_reg[19]/R (clocked by clk_fpga_1). Large setup violations at the end of those stages might be difficult to fix during the post-placement implementation flow and could be the result of non-optimal XDC constraints or non-optimal design architecture
Related violations: <none>

TIMING-16#7 Warning
Large setup violation  
There is a large setup violation of -42.214 ns between design_1_i/axi_pwm_12ch_0/inst/axi_pwm_12ch_slave_lite_v1_0_S00_AXI_inst/slv_reg0_reg[0]_replica/C (clocked by clk_fpga_0) and design_1_i/axi_pwm_12ch_0/inst/pwm2_inst0/counter_reg[1]/R (clocked by clk_fpga_1). Large setup violations at the end of those stages might be difficult to fix during the post-placement implementation flow and could be the result of non-optimal XDC constraints or non-optimal design architecture
Related violations: <none>

TIMING-16#8 Warning
Large setup violation  
There is a large setup violation of -42.214 ns between design_1_i/axi_pwm_12ch_0/inst/axi_pwm_12ch_slave_lite_v1_0_S00_AXI_inst/slv_reg0_reg[0]_replica/C (clocked by clk_fpga_0) and design_1_i/axi_pwm_12ch_0/inst/pwm2_inst0/counter_reg[2]/R (clocked by clk_fpga_1). Large setup violations at the end of those stages might be difficult to fix during the post-placement implementation flow and could be the result of non-optimal XDC constraints or non-optimal design architecture
Related violations: <none>

TIMING-16#9 Warning
Large setup violation  
There is a large setup violation of -42.214 ns between design_1_i/axi_pwm_12ch_0/inst/axi_pwm_12ch_slave_lite_v1_0_S00_AXI_inst/slv_reg0_reg[0]_replica/C (clocked by clk_fpga_0) and design_1_i/axi_pwm_12ch_0/inst/pwm2_inst0/counter_reg[3]/R (clocked by clk_fpga_1). Large setup violations at the end of those stages might be difficult to fix during the post-placement implementation flow and could be the result of non-optimal XDC constraints or non-optimal design architecture
Related violations: <none>

TIMING-16#10 Warning
Large setup violation  
There is a large setup violation of -42.218 ns between design_1_i/axi_pwm_12ch_0/inst/axi_pwm_12ch_slave_lite_v1_0_S00_AXI_inst/slv_reg0_reg[0]_replica/C (clocked by clk_fpga_0) and design_1_i/axi_pwm_12ch_0/inst/pwm2_inst0/counter_reg[12]/R (clocked by clk_fpga_1). Large setup violations at the end of those stages might be difficult to fix during the post-placement implementation flow and could be the result of non-optimal XDC constraints or non-optimal design architecture
Related violations: <none>

TIMING-16#11 Warning
Large setup violation  
There is a large setup violation of -42.218 ns between design_1_i/axi_pwm_12ch_0/inst/axi_pwm_12ch_slave_lite_v1_0_S00_AXI_inst/slv_reg0_reg[0]_replica/C (clocked by clk_fpga_0) and design_1_i/axi_pwm_12ch_0/inst/pwm2_inst0/counter_reg[13]/R (clocked by clk_fpga_1). Large setup violations at the end of those stages might be difficult to fix during the post-placement implementation flow and could be the result of non-optimal XDC constraints or non-optimal design architecture
Related violations: <none>

TIMING-16#12 Warning
Large setup violation  
There is a large setup violation of -42.218 ns between design_1_i/axi_pwm_12ch_0/inst/axi_pwm_12ch_slave_lite_v1_0_S00_AXI_inst/slv_reg0_reg[0]_replica/C (clocked by clk_fpga_0) and design_1_i/axi_pwm_12ch_0/inst/pwm2_inst0/counter_reg[14]/R (clocked by clk_fpga_1). Large setup violations at the end of those stages might be difficult to fix during the post-placement implementation flow and could be the result of non-optimal XDC constraints or non-optimal design architecture
Related violations: <none>

TIMING-16#13 Warning
Large setup violation  
There is a large setup violation of -42.218 ns between design_1_i/axi_pwm_12ch_0/inst/axi_pwm_12ch_slave_lite_v1_0_S00_AXI_inst/slv_reg0_reg[0]_replica/C (clocked by clk_fpga_0) and design_1_i/axi_pwm_12ch_0/inst/pwm2_inst0/counter_reg[15]/R (clocked by clk_fpga_1). Large setup violations at the end of those stages might be difficult to fix during the post-placement implementation flow and could be the result of non-optimal XDC constraints or non-optimal design architecture
Related violations: <none>

TIMING-16#14 Warning
Large setup violation  
There is a large setup violation of -42.218 ns between design_1_i/axi_pwm_12ch_0/inst/axi_pwm_12ch_slave_lite_v1_0_S00_AXI_inst/slv_reg0_reg[0]_replica/C (clocked by clk_fpga_0) and design_1_i/axi_pwm_12ch_0/inst/pwm2_inst0/counter_reg[4]/R (clocked by clk_fpga_1). Large setup violations at the end of those stages might be difficult to fix during the post-placement implementation flow and could be the result of non-optimal XDC constraints or non-optimal design architecture
Related violations: <none>

TIMING-16#15 Warning
Large setup violation  
There is a large setup violation of -42.218 ns between design_1_i/axi_pwm_12ch_0/inst/axi_pwm_12ch_slave_lite_v1_0_S00_AXI_inst/slv_reg0_reg[0]_replica/C (clocked by clk_fpga_0) and design_1_i/axi_pwm_12ch_0/inst/pwm2_inst0/counter_reg[5]/R (clocked by clk_fpga_1). Large setup violations at the end of those stages might be difficult to fix during the post-placement implementation flow and could be the result of non-optimal XDC constraints or non-optimal design architecture
Related violations: <none>

TIMING-16#16 Warning
Large setup violation  
There is a large setup violation of -42.218 ns between design_1_i/axi_pwm_12ch_0/inst/axi_pwm_12ch_slave_lite_v1_0_S00_AXI_inst/slv_reg0_reg[0]_replica/C (clocked by clk_fpga_0) and design_1_i/axi_pwm_12ch_0/inst/pwm2_inst0/counter_reg[6]/R (clocked by clk_fpga_1). Large setup violations at the end of those stages might be difficult to fix during the post-placement implementation flow and could be the result of non-optimal XDC constraints or non-optimal design architecture
Related violations: <none>

TIMING-16#17 Warning
Large setup violation  
There is a large setup violation of -42.218 ns between design_1_i/axi_pwm_12ch_0/inst/axi_pwm_12ch_slave_lite_v1_0_S00_AXI_inst/slv_reg0_reg[0]_replica/C (clocked by clk_fpga_0) and design_1_i/axi_pwm_12ch_0/inst/pwm2_inst0/counter_reg[7]/R (clocked by clk_fpga_1). Large setup violations at the end of those stages might be difficult to fix during the post-placement implementation flow and could be the result of non-optimal XDC constraints or non-optimal design architecture
Related violations: <none>

TIMING-16#18 Warning
Large setup violation  
There is a large setup violation of -42.338 ns between design_1_i/axi_pwm_12ch_0/inst/axi_pwm_12ch_slave_lite_v1_0_S00_AXI_inst/slv_reg0_reg[0]_replica/C (clocked by clk_fpga_0) and design_1_i/axi_pwm_12ch_0/inst/pwm2_inst0/counter_reg[10]/R (clocked by clk_fpga_1). Large setup violations at the end of those stages might be difficult to fix during the post-placement implementation flow and could be the result of non-optimal XDC constraints or non-optimal design architecture
Related violations: <none>

TIMING-16#19 Warning
Large setup violation  
There is a large setup violation of -42.338 ns between design_1_i/axi_pwm_12ch_0/inst/axi_pwm_12ch_slave_lite_v1_0_S00_AXI_inst/slv_reg0_reg[0]_replica/C (clocked by clk_fpga_0) and design_1_i/axi_pwm_12ch_0/inst/pwm2_inst0/counter_reg[11]/R (clocked by clk_fpga_1). Large setup violations at the end of those stages might be difficult to fix during the post-placement implementation flow and could be the result of non-optimal XDC constraints or non-optimal design architecture
Related violations: <none>

TIMING-16#20 Warning
Large setup violation  
There is a large setup violation of -42.338 ns between design_1_i/axi_pwm_12ch_0/inst/axi_pwm_12ch_slave_lite_v1_0_S00_AXI_inst/slv_reg0_reg[0]_replica/C (clocked by clk_fpga_0) and design_1_i/axi_pwm_12ch_0/inst/pwm2_inst0/counter_reg[24]/R (clocked by clk_fpga_1). Large setup violations at the end of those stages might be difficult to fix during the post-placement implementation flow and could be the result of non-optimal XDC constraints or non-optimal design architecture
Related violations: <none>

TIMING-16#21 Warning
Large setup violation  
There is a large setup violation of -42.338 ns between design_1_i/axi_pwm_12ch_0/inst/axi_pwm_12ch_slave_lite_v1_0_S00_AXI_inst/slv_reg0_reg[0]_replica/C (clocked by clk_fpga_0) and design_1_i/axi_pwm_12ch_0/inst/pwm2_inst0/counter_reg[25]/R (clocked by clk_fpga_1). Large setup violations at the end of those stages might be difficult to fix during the post-placement implementation flow and could be the result of non-optimal XDC constraints or non-optimal design architecture
Related violations: <none>

TIMING-16#22 Warning
Large setup violation  
There is a large setup violation of -42.338 ns between design_1_i/axi_pwm_12ch_0/inst/axi_pwm_12ch_slave_lite_v1_0_S00_AXI_inst/slv_reg0_reg[0]_replica/C (clocked by clk_fpga_0) and design_1_i/axi_pwm_12ch_0/inst/pwm2_inst0/counter_reg[26]/R (clocked by clk_fpga_1). Large setup violations at the end of those stages might be difficult to fix during the post-placement implementation flow and could be the result of non-optimal XDC constraints or non-optimal design architecture
Related violations: <none>

TIMING-16#23 Warning
Large setup violation  
There is a large setup violation of -42.338 ns between design_1_i/axi_pwm_12ch_0/inst/axi_pwm_12ch_slave_lite_v1_0_S00_AXI_inst/slv_reg0_reg[0]_replica/C (clocked by clk_fpga_0) and design_1_i/axi_pwm_12ch_0/inst/pwm2_inst0/counter_reg[27]/R (clocked by clk_fpga_1). Large setup violations at the end of those stages might be difficult to fix during the post-placement implementation flow and could be the result of non-optimal XDC constraints or non-optimal design architecture
Related violations: <none>

TIMING-16#24 Warning
Large setup violation  
There is a large setup violation of -42.338 ns between design_1_i/axi_pwm_12ch_0/inst/axi_pwm_12ch_slave_lite_v1_0_S00_AXI_inst/slv_reg0_reg[0]_replica/C (clocked by clk_fpga_0) and design_1_i/axi_pwm_12ch_0/inst/pwm2_inst0/counter_reg[8]/R (clocked by clk_fpga_1). Large setup violations at the end of those stages might be difficult to fix during the post-placement implementation flow and could be the result of non-optimal XDC constraints or non-optimal design architecture
Related violations: <none>

TIMING-16#25 Warning
Large setup violation  
There is a large setup violation of -42.338 ns between design_1_i/axi_pwm_12ch_0/inst/axi_pwm_12ch_slave_lite_v1_0_S00_AXI_inst/slv_reg0_reg[0]_replica/C (clocked by clk_fpga_0) and design_1_i/axi_pwm_12ch_0/inst/pwm2_inst0/counter_reg[9]/R (clocked by clk_fpga_1). Large setup violations at the end of those stages might be difficult to fix during the post-placement implementation flow and could be the result of non-optimal XDC constraints or non-optimal design architecture
Related violations: <none>

TIMING-16#26 Warning
Large setup violation  
There is a large setup violation of -42.352 ns between design_1_i/axi_pwm_12ch_0/inst/axi_pwm_12ch_slave_lite_v1_0_S00_AXI_inst/slv_reg0_reg[0]_replica/C (clocked by clk_fpga_0) and design_1_i/axi_pwm_12ch_0/inst/pwm2_inst0/counter_reg[20]/R (clocked by clk_fpga_1). Large setup violations at the end of those stages might be difficult to fix during the post-placement implementation flow and could be the result of non-optimal XDC constraints or non-optimal design architecture
Related violations: <none>

TIMING-16#27 Warning
Large setup violation  
There is a large setup violation of -42.352 ns between design_1_i/axi_pwm_12ch_0/inst/axi_pwm_12ch_slave_lite_v1_0_S00_AXI_inst/slv_reg0_reg[0]_replica/C (clocked by clk_fpga_0) and design_1_i/axi_pwm_12ch_0/inst/pwm2_inst0/counter_reg[21]/R (clocked by clk_fpga_1). Large setup violations at the end of those stages might be difficult to fix during the post-placement implementation flow and could be the result of non-optimal XDC constraints or non-optimal design architecture
Related violations: <none>

TIMING-16#28 Warning
Large setup violation  
There is a large setup violation of -42.352 ns between design_1_i/axi_pwm_12ch_0/inst/axi_pwm_12ch_slave_lite_v1_0_S00_AXI_inst/slv_reg0_reg[0]_replica/C (clocked by clk_fpga_0) and design_1_i/axi_pwm_12ch_0/inst/pwm2_inst0/counter_reg[22]/R (clocked by clk_fpga_1). Large setup violations at the end of those stages might be difficult to fix during the post-placement implementation flow and could be the result of non-optimal XDC constraints or non-optimal design architecture
Related violations: <none>

TIMING-16#29 Warning
Large setup violation  
There is a large setup violation of -42.352 ns between design_1_i/axi_pwm_12ch_0/inst/axi_pwm_12ch_slave_lite_v1_0_S00_AXI_inst/slv_reg0_reg[0]_replica/C (clocked by clk_fpga_0) and design_1_i/axi_pwm_12ch_0/inst/pwm2_inst0/counter_reg[23]/R (clocked by clk_fpga_1). Large setup violations at the end of those stages might be difficult to fix during the post-placement implementation flow and could be the result of non-optimal XDC constraints or non-optimal design architecture
Related violations: <none>

TIMING-16#30 Warning
Large setup violation  
There is a large setup violation of -42.355 ns between design_1_i/axi_pwm_12ch_0/inst/axi_pwm_12ch_slave_lite_v1_0_S00_AXI_inst/slv_reg0_reg[0]_replica/C (clocked by clk_fpga_0) and design_1_i/axi_pwm_12ch_0/inst/pwm2_inst0/counter_reg[28]/R (clocked by clk_fpga_1). Large setup violations at the end of those stages might be difficult to fix during the post-placement implementation flow and could be the result of non-optimal XDC constraints or non-optimal design architecture
Related violations: <none>

TIMING-16#31 Warning
Large setup violation  
There is a large setup violation of -42.355 ns between design_1_i/axi_pwm_12ch_0/inst/axi_pwm_12ch_slave_lite_v1_0_S00_AXI_inst/slv_reg0_reg[0]_replica/C (clocked by clk_fpga_0) and design_1_i/axi_pwm_12ch_0/inst/pwm2_inst0/counter_reg[29]/R (clocked by clk_fpga_1). Large setup violations at the end of those stages might be difficult to fix during the post-placement implementation flow and could be the result of non-optimal XDC constraints or non-optimal design architecture
Related violations: <none>

TIMING-16#32 Warning
Large setup violation  
There is a large setup violation of -42.355 ns between design_1_i/axi_pwm_12ch_0/inst/axi_pwm_12ch_slave_lite_v1_0_S00_AXI_inst/slv_reg0_reg[0]_replica/C (clocked by clk_fpga_0) and design_1_i/axi_pwm_12ch_0/inst/pwm2_inst0/counter_reg[30]/R (clocked by clk_fpga_1). Large setup violations at the end of those stages might be difficult to fix during the post-placement implementation flow and could be the result of non-optimal XDC constraints or non-optimal design architecture
Related violations: <none>

TIMING-16#33 Warning
Large setup violation  
There is a large setup violation of -42.355 ns between design_1_i/axi_pwm_12ch_0/inst/axi_pwm_12ch_slave_lite_v1_0_S00_AXI_inst/slv_reg0_reg[0]_replica/C (clocked by clk_fpga_0) and design_1_i/axi_pwm_12ch_0/inst/pwm2_inst0/counter_reg[31]/R (clocked by clk_fpga_1). Large setup violations at the end of those stages might be difficult to fix during the post-placement implementation flow and could be the result of non-optimal XDC constraints or non-optimal design architecture
Related violations: <none>

TIMING-18#1 Warning
Missing input or output delay  
An output delay is missing on je relative to the rising and/or falling clock edge(s) of clk_fpga_1.
Related violations: <none>


