Copyright 1986-2022 Xilinx, Inc. All Rights Reserved. Copyright 2022-2024 Advanced Micro Devices, Inc. All Rights Reserved.
---------------------------------------------------------------------------------------------------------------------------------------------
| Tool Version : Vivado v.2024.2 (win64) Build 5239630 Fri Nov 08 22:35:27 MST 2024
| Date         : Tue Mar  3 19:07:12 2026
| Host         : RYANSUNDERMA8F8 running 64-bit major release  (build 9200)
| Command      : report_drc -file design_1_wrapper_drc_routed.rpt -pb design_1_wrapper_drc_routed.pb -rpx design_1_wrapper_drc_routed.rpx
| Design       : design_1_wrapper
| Device       : xc7z020clg400-1
| Speed File   : -1
| Design State : Fully Routed
---------------------------------------------------------------------------------------------------------------------------------------------

Report DRC

Table of Contents
-----------------
1. REPORT SUMMARY
2. REPORT DETAILS

1. REPORT SUMMARY
-----------------
            Netlist: netlist
          Floorplan: design_1
      Design limits: <entire design considered>
           Ruledeck: default
             Max checks: <unlimited>
             Checks found: 164
+----------+----------+----------------------------+--------+
| Rule     | Severity | Description                | Checks |
+----------+----------+----------------------------+--------+
| DPIP-1   | Warning  | Input pipelining           | 48     |
| DPOP-1   | Warning  | PREG Output pipelining     | 48     |
| DPOP-2   | Warning  | MREG Output pipelining     | 48     |
| PDRC-132 | Warning  | SLICE_PairEqSame_A6A5_WARN | 1      |
| PDRC-134 | Warning  | SLICE_PairEqSame_B6B5_WARN | 2      |
| PDRC-136 | Warning  | SLICE_PairEqSame_C6C5_WARN | 1      |
| PDRC-138 | Warning  | SLICE_PairEqSame_D6D5_WARN | 3      |
| PDRC-140 | Warning  | SLICE_PairEqSame_A6A5_WARN | 2      |
| PDRC-142 | Warning  | SLICE_PairEqSame_B6B5_WARN | 2      |
| PDRC-144 | Warning  | SLICE_PairEqSame_C6C5_WARN | 4      |
| PDRC-146 | Warning  | SLICE_PairEqSame_D6D5_WARN | 5      |
+----------+----------+----------------------------+--------+

2. REPORT DETAILS
-----------------
DPIP-1#1 Warning
Input pipelining  
DSP design_1_i/axi_pwm_2x8_0/inst/pwm_signals[0].pwm_inst0/PULSEWIDTH0 input design_1_i/axi_pwm_2x8_0/inst/pwm_signals[0].pwm_inst0/PULSEWIDTH0/A[29:0] is not pipelined. Pipelining DSP48 input will improve performance.
Related violations: <none>

DPIP-1#2 Warning
Input pipelining  
DSP design_1_i/axi_pwm_2x8_0/inst/pwm_signals[0].pwm_inst0/PULSEWIDTH0__0 input design_1_i/axi_pwm_2x8_0/inst/pwm_signals[0].pwm_inst0/PULSEWIDTH0__0/A[29:0] is not pipelined. Pipelining DSP48 input will improve performance.
Related violations: <none>

DPIP-1#3 Warning
Input pipelining  
DSP design_1_i/axi_pwm_2x8_0/inst/pwm_signals[0].pwm_inst0/PULSEWIDTH0__1 input design_1_i/axi_pwm_2x8_0/inst/pwm_signals[0].pwm_inst0/PULSEWIDTH0__1/A[29:0] is not pipelined. Pipelining DSP48 input will improve performance.
Related violations: <none>

DPIP-1#4 Warning
Input pipelining  
DSP design_1_i/axi_pwm_2x8_0/inst/pwm_signals[10].pwm_inst0/PULSEWIDTH0 input design_1_i/axi_pwm_2x8_0/inst/pwm_signals[10].pwm_inst0/PULSEWIDTH0/A[29:0] is not pipelined. Pipelining DSP48 input will improve performance.
Related violations: <none>

DPIP-1#5 Warning
Input pipelining  
DSP design_1_i/axi_pwm_2x8_0/inst/pwm_signals[10].pwm_inst0/PULSEWIDTH0__0 input design_1_i/axi_pwm_2x8_0/inst/pwm_signals[10].pwm_inst0/PULSEWIDTH0__0/A[29:0] is not pipelined. Pipelining DSP48 input will improve performance.
Related violations: <none>

DPIP-1#6 Warning
Input pipelining  
DSP design_1_i/axi_pwm_2x8_0/inst/pwm_signals[10].pwm_inst0/PULSEWIDTH0__1 input design_1_i/axi_pwm_2x8_0/inst/pwm_signals[10].pwm_inst0/PULSEWIDTH0__1/A[29:0] is not pipelined. Pipelining DSP48 input will improve performance.
Related violations: <none>

DPIP-1#7 Warning
Input pipelining  
DSP design_1_i/axi_pwm_2x8_0/inst/pwm_signals[11].pwm_inst0/PULSEWIDTH0 input design_1_i/axi_pwm_2x8_0/inst/pwm_signals[11].pwm_inst0/PULSEWIDTH0/A[29:0] is not pipelined. Pipelining DSP48 input will improve performance.
Related violations: <none>

DPIP-1#8 Warning
Input pipelining  
DSP design_1_i/axi_pwm_2x8_0/inst/pwm_signals[11].pwm_inst0/PULSEWIDTH0__0 input design_1_i/axi_pwm_2x8_0/inst/pwm_signals[11].pwm_inst0/PULSEWIDTH0__0/A[29:0] is not pipelined. Pipelining DSP48 input will improve performance.
Related violations: <none>

DPIP-1#9 Warning
Input pipelining  
DSP design_1_i/axi_pwm_2x8_0/inst/pwm_signals[11].pwm_inst0/PULSEWIDTH0__1 input design_1_i/axi_pwm_2x8_0/inst/pwm_signals[11].pwm_inst0/PULSEWIDTH0__1/A[29:0] is not pipelined. Pipelining DSP48 input will improve performance.
Related violations: <none>

DPIP-1#10 Warning
Input pipelining  
DSP design_1_i/axi_pwm_2x8_0/inst/pwm_signals[12].pwm_inst0/PULSEWIDTH0 input design_1_i/axi_pwm_2x8_0/inst/pwm_signals[12].pwm_inst0/PULSEWIDTH0/A[29:0] is not pipelined. Pipelining DSP48 input will improve performance.
Related violations: <none>

DPIP-1#11 Warning
Input pipelining  
DSP design_1_i/axi_pwm_2x8_0/inst/pwm_signals[12].pwm_inst0/PULSEWIDTH0__0 input design_1_i/axi_pwm_2x8_0/inst/pwm_signals[12].pwm_inst0/PULSEWIDTH0__0/A[29:0] is not pipelined. Pipelining DSP48 input will improve performance.
Related violations: <none>

DPIP-1#12 Warning
Input pipelining  
DSP design_1_i/axi_pwm_2x8_0/inst/pwm_signals[12].pwm_inst0/PULSEWIDTH0__1 input design_1_i/axi_pwm_2x8_0/inst/pwm_signals[12].pwm_inst0/PULSEWIDTH0__1/A[29:0] is not pipelined. Pipelining DSP48 input will improve performance.
Related violations: <none>

DPIP-1#13 Warning
Input pipelining  
DSP design_1_i/axi_pwm_2x8_0/inst/pwm_signals[13].pwm_inst0/PULSEWIDTH0 input design_1_i/axi_pwm_2x8_0/inst/pwm_signals[13].pwm_inst0/PULSEWIDTH0/A[29:0] is not pipelined. Pipelining DSP48 input will improve performance.
Related violations: <none>

DPIP-1#14 Warning
Input pipelining  
DSP design_1_i/axi_pwm_2x8_0/inst/pwm_signals[13].pwm_inst0/PULSEWIDTH0__0 input design_1_i/axi_pwm_2x8_0/inst/pwm_signals[13].pwm_inst0/PULSEWIDTH0__0/A[29:0] is not pipelined. Pipelining DSP48 input will improve performance.
Related violations: <none>

DPIP-1#15 Warning
Input pipelining  
DSP design_1_i/axi_pwm_2x8_0/inst/pwm_signals[13].pwm_inst0/PULSEWIDTH0__1 input design_1_i/axi_pwm_2x8_0/inst/pwm_signals[13].pwm_inst0/PULSEWIDTH0__1/A[29:0] is not pipelined. Pipelining DSP48 input will improve performance.
Related violations: <none>

DPIP-1#16 Warning
Input pipelining  
DSP design_1_i/axi_pwm_2x8_0/inst/pwm_signals[14].pwm_inst0/PULSEWIDTH0 input design_1_i/axi_pwm_2x8_0/inst/pwm_signals[14].pwm_inst0/PULSEWIDTH0/A[29:0] is not pipelined. Pipelining DSP48 input will improve performance.
Related violations: <none>

DPIP-1#17 Warning
Input pipelining  
DSP design_1_i/axi_pwm_2x8_0/inst/pwm_signals[14].pwm_inst0/PULSEWIDTH0__0 input design_1_i/axi_pwm_2x8_0/inst/pwm_signals[14].pwm_inst0/PULSEWIDTH0__0/A[29:0] is not pipelined. Pipelining DSP48 input will improve performance.
Related violations: <none>

DPIP-1#18 Warning
Input pipelining  
DSP design_1_i/axi_pwm_2x8_0/inst/pwm_signals[14].pwm_inst0/PULSEWIDTH0__1 input design_1_i/axi_pwm_2x8_0/inst/pwm_signals[14].pwm_inst0/PULSEWIDTH0__1/A[29:0] is not pipelined. Pipelining DSP48 input will improve performance.
Related violations: <none>

DPIP-1#19 Warning
Input pipelining  
DSP design_1_i/axi_pwm_2x8_0/inst/pwm_signals[15].pwm_inst0/PULSEWIDTH0 input design_1_i/axi_pwm_2x8_0/inst/pwm_signals[15].pwm_inst0/PULSEWIDTH0/A[29:0] is not pipelined. Pipelining DSP48 input will improve performance.
Related violations: <none>

DPIP-1#20 Warning
Input pipelining  
DSP design_1_i/axi_pwm_2x8_0/inst/pwm_signals[15].pwm_inst0/PULSEWIDTH0__0 input design_1_i/axi_pwm_2x8_0/inst/pwm_signals[15].pwm_inst0/PULSEWIDTH0__0/A[29:0] is not pipelined. Pipelining DSP48 input will improve performance.
Related violations: <none>

DPIP-1#21 Warning
Input pipelining  
DSP design_1_i/axi_pwm_2x8_0/inst/pwm_signals[15].pwm_inst0/PULSEWIDTH0__1 input design_1_i/axi_pwm_2x8_0/inst/pwm_signals[15].pwm_inst0/PULSEWIDTH0__1/A[29:0] is not pipelined. Pipelining DSP48 input will improve performance.
Related violations: <none>

DPIP-1#22 Warning
Input pipelining  
DSP design_1_i/axi_pwm_2x8_0/inst/pwm_signals[1].pwm_inst0/PULSEWIDTH0 input design_1_i/axi_pwm_2x8_0/inst/pwm_signals[1].pwm_inst0/PULSEWIDTH0/A[29:0] is not pipelined. Pipelining DSP48 input will improve performance.
Related violations: <none>

DPIP-1#23 Warning
Input pipelining  
DSP design_1_i/axi_pwm_2x8_0/inst/pwm_signals[1].pwm_inst0/PULSEWIDTH0__0 input design_1_i/axi_pwm_2x8_0/inst/pwm_signals[1].pwm_inst0/PULSEWIDTH0__0/A[29:0] is not pipelined. Pipelining DSP48 input will improve performance.
Related violations: <none>

DPIP-1#24 Warning
Input pipelining  
DSP design_1_i/axi_pwm_2x8_0/inst/pwm_signals[1].pwm_inst0/PULSEWIDTH0__1 input design_1_i/axi_pwm_2x8_0/inst/pwm_signals[1].pwm_inst0/PULSEWIDTH0__1/A[29:0] is not pipelined. Pipelining DSP48 input will improve performance.
Related violations: <none>

DPIP-1#25 Warning
Input pipelining  
DSP design_1_i/axi_pwm_2x8_0/inst/pwm_signals[2].pwm_inst0/PULSEWIDTH0 input design_1_i/axi_pwm_2x8_0/inst/pwm_signals[2].pwm_inst0/PULSEWIDTH0/A[29:0] is not pipelined. Pipelining DSP48 input will improve performance.
Related violations: <none>

DPIP-1#26 Warning
Input pipelining  
DSP design_1_i/axi_pwm_2x8_0/inst/pwm_signals[2].pwm_inst0/PULSEWIDTH0__0 input design_1_i/axi_pwm_2x8_0/inst/pwm_signals[2].pwm_inst0/PULSEWIDTH0__0/A[29:0] is not pipelined. Pipelining DSP48 input will improve performance.
Related violations: <none>

DPIP-1#27 Warning
Input pipelining  
DSP design_1_i/axi_pwm_2x8_0/inst/pwm_signals[2].pwm_inst0/PULSEWIDTH0__1 input design_1_i/axi_pwm_2x8_0/inst/pwm_signals[2].pwm_inst0/PULSEWIDTH0__1/A[29:0] is not pipelined. Pipelining DSP48 input will improve performance.
Related violations: <none>

DPIP-1#28 Warning
Input pipelining  
DSP design_1_i/axi_pwm_2x8_0/inst/pwm_signals[3].pwm_inst0/PULSEWIDTH0 input design_1_i/axi_pwm_2x8_0/inst/pwm_signals[3].pwm_inst0/PULSEWIDTH0/A[29:0] is not pipelined. Pipelining DSP48 input will improve performance.
Related violations: <none>

DPIP-1#29 Warning
Input pipelining  
DSP design_1_i/axi_pwm_2x8_0/inst/pwm_signals[3].pwm_inst0/PULSEWIDTH0__0 input design_1_i/axi_pwm_2x8_0/inst/pwm_signals[3].pwm_inst0/PULSEWIDTH0__0/A[29:0] is not pipelined. Pipelining DSP48 input will improve performance.
Related violations: <none>

DPIP-1#30 Warning
Input pipelining  
DSP design_1_i/axi_pwm_2x8_0/inst/pwm_signals[3].pwm_inst0/PULSEWIDTH0__1 input design_1_i/axi_pwm_2x8_0/inst/pwm_signals[3].pwm_inst0/PULSEWIDTH0__1/A[29:0] is not pipelined. Pipelining DSP48 input will improve performance.
Related violations: <none>

DPIP-1#31 Warning
Input pipelining  
DSP design_1_i/axi_pwm_2x8_0/inst/pwm_signals[4].pwm_inst0/PULSEWIDTH0 input design_1_i/axi_pwm_2x8_0/inst/pwm_signals[4].pwm_inst0/PULSEWIDTH0/A[29:0] is not pipelined. Pipelining DSP48 input will improve performance.
Related violations: <none>

DPIP-1#32 Warning
Input pipelining  
DSP design_1_i/axi_pwm_2x8_0/inst/pwm_signals[4].pwm_inst0/PULSEWIDTH0__0 input design_1_i/axi_pwm_2x8_0/inst/pwm_signals[4].pwm_inst0/PULSEWIDTH0__0/A[29:0] is not pipelined. Pipelining DSP48 input will improve performance.
Related violations: <none>

DPIP-1#33 Warning
Input pipelining  
DSP design_1_i/axi_pwm_2x8_0/inst/pwm_signals[4].pwm_inst0/PULSEWIDTH0__1 input design_1_i/axi_pwm_2x8_0/inst/pwm_signals[4].pwm_inst0/PULSEWIDTH0__1/A[29:0] is not pipelined. Pipelining DSP48 input will improve performance.
Related violations: <none>

DPIP-1#34 Warning
Input pipelining  
DSP design_1_i/axi_pwm_2x8_0/inst/pwm_signals[5].pwm_inst0/PULSEWIDTH0 input design_1_i/axi_pwm_2x8_0/inst/pwm_signals[5].pwm_inst0/PULSEWIDTH0/A[29:0] is not pipelined. Pipelining DSP48 input will improve performance.
Related violations: <none>

DPIP-1#35 Warning
Input pipelining  
DSP design_1_i/axi_pwm_2x8_0/inst/pwm_signals[5].pwm_inst0/PULSEWIDTH0__0 input design_1_i/axi_pwm_2x8_0/inst/pwm_signals[5].pwm_inst0/PULSEWIDTH0__0/A[29:0] is not pipelined. Pipelining DSP48 input will improve performance.
Related violations: <none>

DPIP-1#36 Warning
Input pipelining  
DSP design_1_i/axi_pwm_2x8_0/inst/pwm_signals[5].pwm_inst0/PULSEWIDTH0__1 input design_1_i/axi_pwm_2x8_0/inst/pwm_signals[5].pwm_inst0/PULSEWIDTH0__1/A[29:0] is not pipelined. Pipelining DSP48 input will improve performance.
Related violations: <none>

DPIP-1#37 Warning
Input pipelining  
DSP design_1_i/axi_pwm_2x8_0/inst/pwm_signals[6].pwm_inst0/PULSEWIDTH0 input design_1_i/axi_pwm_2x8_0/inst/pwm_signals[6].pwm_inst0/PULSEWIDTH0/A[29:0] is not pipelined. Pipelining DSP48 input will improve performance.
Related violations: <none>

DPIP-1#38 Warning
Input pipelining  
DSP design_1_i/axi_pwm_2x8_0/inst/pwm_signals[6].pwm_inst0/PULSEWIDTH0__0 input design_1_i/axi_pwm_2x8_0/inst/pwm_signals[6].pwm_inst0/PULSEWIDTH0__0/A[29:0] is not pipelined. Pipelining DSP48 input will improve performance.
Related violations: <none>

DPIP-1#39 Warning
Input pipelining  
DSP design_1_i/axi_pwm_2x8_0/inst/pwm_signals[6].pwm_inst0/PULSEWIDTH0__1 input design_1_i/axi_pwm_2x8_0/inst/pwm_signals[6].pwm_inst0/PULSEWIDTH0__1/A[29:0] is not pipelined. Pipelining DSP48 input will improve performance.
Related violations: <none>

DPIP-1#40 Warning
Input pipelining  
DSP design_1_i/axi_pwm_2x8_0/inst/pwm_signals[7].pwm_inst0/PULSEWIDTH0 input design_1_i/axi_pwm_2x8_0/inst/pwm_signals[7].pwm_inst0/PULSEWIDTH0/A[29:0] is not pipelined. Pipelining DSP48 input will improve performance.
Related violations: <none>

DPIP-1#41 Warning
Input pipelining  
DSP design_1_i/axi_pwm_2x8_0/inst/pwm_signals[7].pwm_inst0/PULSEWIDTH0__0 input design_1_i/axi_pwm_2x8_0/inst/pwm_signals[7].pwm_inst0/PULSEWIDTH0__0/A[29:0] is not pipelined. Pipelining DSP48 input will improve performance.
Related violations: <none>

DPIP-1#42 Warning
Input pipelining  
DSP design_1_i/axi_pwm_2x8_0/inst/pwm_signals[7].pwm_inst0/PULSEWIDTH0__1 input design_1_i/axi_pwm_2x8_0/inst/pwm_signals[7].pwm_inst0/PULSEWIDTH0__1/A[29:0] is not pipelined. Pipelining DSP48 input will improve performance.
Related violations: <none>

DPIP-1#43 Warning
Input pipelining  
DSP design_1_i/axi_pwm_2x8_0/inst/pwm_signals[8].pwm_inst0/PULSEWIDTH0 input design_1_i/axi_pwm_2x8_0/inst/pwm_signals[8].pwm_inst0/PULSEWIDTH0/A[29:0] is not pipelined. Pipelining DSP48 input will improve performance.
Related violations: <none>

DPIP-1#44 Warning
Input pipelining  
DSP design_1_i/axi_pwm_2x8_0/inst/pwm_signals[8].pwm_inst0/PULSEWIDTH0__0 input design_1_i/axi_pwm_2x8_0/inst/pwm_signals[8].pwm_inst0/PULSEWIDTH0__0/A[29:0] is not pipelined. Pipelining DSP48 input will improve performance.
Related violations: <none>

DPIP-1#45 Warning
Input pipelining  
DSP design_1_i/axi_pwm_2x8_0/inst/pwm_signals[8].pwm_inst0/PULSEWIDTH0__1 input design_1_i/axi_pwm_2x8_0/inst/pwm_signals[8].pwm_inst0/PULSEWIDTH0__1/A[29:0] is not pipelined. Pipelining DSP48 input will improve performance.
Related violations: <none>

DPIP-1#46 Warning
Input pipelining  
DSP design_1_i/axi_pwm_2x8_0/inst/pwm_signals[9].pwm_inst0/PULSEWIDTH0 input design_1_i/axi_pwm_2x8_0/inst/pwm_signals[9].pwm_inst0/PULSEWIDTH0/A[29:0] is not pipelined. Pipelining DSP48 input will improve performance.
Related violations: <none>

DPIP-1#47 Warning
Input pipelining  
DSP design_1_i/axi_pwm_2x8_0/inst/pwm_signals[9].pwm_inst0/PULSEWIDTH0__0 input design_1_i/axi_pwm_2x8_0/inst/pwm_signals[9].pwm_inst0/PULSEWIDTH0__0/A[29:0] is not pipelined. Pipelining DSP48 input will improve performance.
Related violations: <none>

DPIP-1#48 Warning
Input pipelining  
DSP design_1_i/axi_pwm_2x8_0/inst/pwm_signals[9].pwm_inst0/PULSEWIDTH0__1 input design_1_i/axi_pwm_2x8_0/inst/pwm_signals[9].pwm_inst0/PULSEWIDTH0__1/A[29:0] is not pipelined. Pipelining DSP48 input will improve performance.
Related violations: <none>

DPOP-1#1 Warning
PREG Output pipelining  
DSP design_1_i/axi_pwm_2x8_0/inst/pwm_signals[0].pwm_inst0/PULSEWIDTH0 output design_1_i/axi_pwm_2x8_0/inst/pwm_signals[0].pwm_inst0/PULSEWIDTH0/P[47:0] is not pipelined (PREG=0). Pipelining the DSP48 output will improve performance and often saves power so it is suggested whenever possible to fully pipeline this function.  If this DSP48 function was inferred, it is suggested to describe an additional register stage after this function.  If the DSP48 was instantiated in the design, it is suggested to set the PREG attribute to 1.
Related violations: <none>

DPOP-1#2 Warning
PREG Output pipelining  
DSP design_1_i/axi_pwm_2x8_0/inst/pwm_signals[0].pwm_inst0/PULSEWIDTH0__0 output design_1_i/axi_pwm_2x8_0/inst/pwm_signals[0].pwm_inst0/PULSEWIDTH0__0/P[47:0] is not pipelined (PREG=0). Pipelining the DSP48 output will improve performance and often saves power so it is suggested whenever possible to fully pipeline this function.  If this DSP48 function was inferred, it is suggested to describe an additional register stage after this function.  If the DSP48 was instantiated in the design, it is suggested to set the PREG attribute to 1.
Related violations: <none>

DPOP-1#3 Warning
PREG Output pipelining  
DSP design_1_i/axi_pwm_2x8_0/inst/pwm_signals[0].pwm_inst0/PULSEWIDTH0__1 output design_1_i/axi_pwm_2x8_0/inst/pwm_signals[0].pwm_inst0/PULSEWIDTH0__1/P[47:0] is not pipelined (PREG=0). Pipelining the DSP48 output will improve performance and often saves power so it is suggested whenever possible to fully pipeline this function.  If this DSP48 function was inferred, it is suggested to describe an additional register stage after this function.  If the DSP48 was instantiated in the design, it is suggested to set the PREG attribute to 1.
Related violations: <none>

DPOP-1#4 Warning
PREG Output pipelining  
DSP design_1_i/axi_pwm_2x8_0/inst/pwm_signals[10].pwm_inst0/PULSEWIDTH0 output design_1_i/axi_pwm_2x8_0/inst/pwm_signals[10].pwm_inst0/PULSEWIDTH0/P[47:0] is not pipelined (PREG=0). Pipelining the DSP48 output will improve performance and often saves power so it is suggested whenever possible to fully pipeline this function.  If this DSP48 function was inferred, it is suggested to describe an additional register stage after this function.  If the DSP48 was instantiated in the design, it is suggested to set the PREG attribute to 1.
Related violations: <none>

DPOP-1#5 Warning
PREG Output pipelining  
DSP design_1_i/axi_pwm_2x8_0/inst/pwm_signals[10].pwm_inst0/PULSEWIDTH0__0 output design_1_i/axi_pwm_2x8_0/inst/pwm_signals[10].pwm_inst0/PULSEWIDTH0__0/P[47:0] is not pipelined (PREG=0). Pipelining the DSP48 output will improve performance and often saves power so it is suggested whenever possible to fully pipeline this function.  If this DSP48 function was inferred, it is suggested to describe an additional register stage after this function.  If the DSP48 was instantiated in the design, it is suggested to set the PREG attribute to 1.
Related violations: <none>

DPOP-1#6 Warning
PREG Output pipelining  
DSP design_1_i/axi_pwm_2x8_0/inst/pwm_signals[10].pwm_inst0/PULSEWIDTH0__1 output design_1_i/axi_pwm_2x8_0/inst/pwm_signals[10].pwm_inst0/PULSEWIDTH0__1/P[47:0] is not pipelined (PREG=0). Pipelining the DSP48 output will improve performance and often saves power so it is suggested whenever possible to fully pipeline this function.  If this DSP48 function was inferred, it is suggested to describe an additional register stage after this function.  If the DSP48 was instantiated in the design, it is suggested to set the PREG attribute to 1.
Related violations: <none>

DPOP-1#7 Warning
PREG Output pipelining  
DSP design_1_i/axi_pwm_2x8_0/inst/pwm_signals[11].pwm_inst0/PULSEWIDTH0 output design_1_i/axi_pwm_2x8_0/inst/pwm_signals[11].pwm_inst0/PULSEWIDTH0/P[47:0] is not pipelined (PREG=0). Pipelining the DSP48 output will improve performance and often saves power so it is suggested whenever possible to fully pipeline this function.  If this DSP48 function was inferred, it is suggested to describe an additional register stage after this function.  If the DSP48 was instantiated in the design, it is suggested to set the PREG attribute to 1.
Related violations: <none>

DPOP-1#8 Warning
PREG Output pipelining  
DSP design_1_i/axi_pwm_2x8_0/inst/pwm_signals[11].pwm_inst0/PULSEWIDTH0__0 output design_1_i/axi_pwm_2x8_0/inst/pwm_signals[11].pwm_inst0/PULSEWIDTH0__0/P[47:0] is not pipelined (PREG=0). Pipelining the DSP48 output will improve performance and often saves power so it is suggested whenever possible to fully pipeline this function.  If this DSP48 function was inferred, it is suggested to describe an additional register stage after this function.  If the DSP48 was instantiated in the design, it is suggested to set the PREG attribute to 1.
Related violations: <none>

DPOP-1#9 Warning
PREG Output pipelining  
DSP design_1_i/axi_pwm_2x8_0/inst/pwm_signals[11].pwm_inst0/PULSEWIDTH0__1 output design_1_i/axi_pwm_2x8_0/inst/pwm_signals[11].pwm_inst0/PULSEWIDTH0__1/P[47:0] is not pipelined (PREG=0). Pipelining the DSP48 output will improve performance and often saves power so it is suggested whenever possible to fully pipeline this function.  If this DSP48 function was inferred, it is suggested to describe an additional register stage after this function.  If the DSP48 was instantiated in the design, it is suggested to set the PREG attribute to 1.
Related violations: <none>

DPOP-1#10 Warning
PREG Output pipelining  
DSP design_1_i/axi_pwm_2x8_0/inst/pwm_signals[12].pwm_inst0/PULSEWIDTH0 output design_1_i/axi_pwm_2x8_0/inst/pwm_signals[12].pwm_inst0/PULSEWIDTH0/P[47:0] is not pipelined (PREG=0). Pipelining the DSP48 output will improve performance and often saves power so it is suggested whenever possible to fully pipeline this function.  If this DSP48 function was inferred, it is suggested to describe an additional register stage after this function.  If the DSP48 was instantiated in the design, it is suggested to set the PREG attribute to 1.
Related violations: <none>

DPOP-1#11 Warning
PREG Output pipelining  
DSP design_1_i/axi_pwm_2x8_0/inst/pwm_signals[12].pwm_inst0/PULSEWIDTH0__0 output design_1_i/axi_pwm_2x8_0/inst/pwm_signals[12].pwm_inst0/PULSEWIDTH0__0/P[47:0] is not pipelined (PREG=0). Pipelining the DSP48 output will improve performance and often saves power so it is suggested whenever possible to fully pipeline this function.  If this DSP48 function was inferred, it is suggested to describe an additional register stage after this function.  If the DSP48 was instantiated in the design, it is suggested to set the PREG attribute to 1.
Related violations: <none>

DPOP-1#12 Warning
PREG Output pipelining  
DSP design_1_i/axi_pwm_2x8_0/inst/pwm_signals[12].pwm_inst0/PULSEWIDTH0__1 output design_1_i/axi_pwm_2x8_0/inst/pwm_signals[12].pwm_inst0/PULSEWIDTH0__1/P[47:0] is not pipelined (PREG=0). Pipelining the DSP48 output will improve performance and often saves power so it is suggested whenever possible to fully pipeline this function.  If this DSP48 function was inferred, it is suggested to describe an additional register stage after this function.  If the DSP48 was instantiated in the design, it is suggested to set the PREG attribute to 1.
Related violations: <none>

DPOP-1#13 Warning
PREG Output pipelining  
DSP design_1_i/axi_pwm_2x8_0/inst/pwm_signals[13].pwm_inst0/PULSEWIDTH0 output design_1_i/axi_pwm_2x8_0/inst/pwm_signals[13].pwm_inst0/PULSEWIDTH0/P[47:0] is not pipelined (PREG=0). Pipelining the DSP48 output will improve performance and often saves power so it is suggested whenever possible to fully pipeline this function.  If this DSP48 function was inferred, it is suggested to describe an additional register stage after this function.  If the DSP48 was instantiated in the design, it is suggested to set the PREG attribute to 1.
Related violations: <none>

DPOP-1#14 Warning
PREG Output pipelining  
DSP design_1_i/axi_pwm_2x8_0/inst/pwm_signals[13].pwm_inst0/PULSEWIDTH0__0 output design_1_i/axi_pwm_2x8_0/inst/pwm_signals[13].pwm_inst0/PULSEWIDTH0__0/P[47:0] is not pipelined (PREG=0). Pipelining the DSP48 output will improve performance and often saves power so it is suggested whenever possible to fully pipeline this function.  If this DSP48 function was inferred, it is suggested to describe an additional register stage after this function.  If the DSP48 was instantiated in the design, it is suggested to set the PREG attribute to 1.
Related violations: <none>

DPOP-1#15 Warning
PREG Output pipelining  
DSP design_1_i/axi_pwm_2x8_0/inst/pwm_signals[13].pwm_inst0/PULSEWIDTH0__1 output design_1_i/axi_pwm_2x8_0/inst/pwm_signals[13].pwm_inst0/PULSEWIDTH0__1/P[47:0] is not pipelined (PREG=0). Pipelining the DSP48 output will improve performance and often saves power so it is suggested whenever possible to fully pipeline this function.  If this DSP48 function was inferred, it is suggested to describe an additional register stage after this function.  If the DSP48 was instantiated in the design, it is suggested to set the PREG attribute to 1.
Related violations: <none>

DPOP-1#16 Warning
PREG Output pipelining  
DSP design_1_i/axi_pwm_2x8_0/inst/pwm_signals[14].pwm_inst0/PULSEWIDTH0 output design_1_i/axi_pwm_2x8_0/inst/pwm_signals[14].pwm_inst0/PULSEWIDTH0/P[47:0] is not pipelined (PREG=0). Pipelining the DSP48 output will improve performance and often saves power so it is suggested whenever possible to fully pipeline this function.  If this DSP48 function was inferred, it is suggested to describe an additional register stage after this function.  If the DSP48 was instantiated in the design, it is suggested to set the PREG attribute to 1.
Related violations: <none>

DPOP-1#17 Warning
PREG Output pipelining  
DSP design_1_i/axi_pwm_2x8_0/inst/pwm_signals[14].pwm_inst0/PULSEWIDTH0__0 output design_1_i/axi_pwm_2x8_0/inst/pwm_signals[14].pwm_inst0/PULSEWIDTH0__0/P[47:0] is not pipelined (PREG=0). Pipelining the DSP48 output will improve performance and often saves power so it is suggested whenever possible to fully pipeline this function.  If this DSP48 function was inferred, it is suggested to describe an additional register stage after this function.  If the DSP48 was instantiated in the design, it is suggested to set the PREG attribute to 1.
Related violations: <none>

DPOP-1#18 Warning
PREG Output pipelining  
DSP design_1_i/axi_pwm_2x8_0/inst/pwm_signals[14].pwm_inst0/PULSEWIDTH0__1 output design_1_i/axi_pwm_2x8_0/inst/pwm_signals[14].pwm_inst0/PULSEWIDTH0__1/P[47:0] is not pipelined (PREG=0). Pipelining the DSP48 output will improve performance and often saves power so it is suggested whenever possible to fully pipeline this function.  If this DSP48 function was inferred, it is suggested to describe an additional register stage after this function.  If the DSP48 was instantiated in the design, it is suggested to set the PREG attribute to 1.
Related violations: <none>

DPOP-1#19 Warning
PREG Output pipelining  
DSP design_1_i/axi_pwm_2x8_0/inst/pwm_signals[15].pwm_inst0/PULSEWIDTH0 output design_1_i/axi_pwm_2x8_0/inst/pwm_signals[15].pwm_inst0/PULSEWIDTH0/P[47:0] is not pipelined (PREG=0). Pipelining the DSP48 output will improve performance and often saves power so it is suggested whenever possible to fully pipeline this function.  If this DSP48 function was inferred, it is suggested to describe an additional register stage after this function.  If the DSP48 was instantiated in the design, it is suggested to set the PREG attribute to 1.
Related violations: <none>

DPOP-1#20 Warning
PREG Output pipelining  
DSP design_1_i/axi_pwm_2x8_0/inst/pwm_signals[15].pwm_inst0/PULSEWIDTH0__0 output design_1_i/axi_pwm_2x8_0/inst/pwm_signals[15].pwm_inst0/PULSEWIDTH0__0/P[47:0] is not pipelined (PREG=0). Pipelining the DSP48 output will improve performance and often saves power so it is suggested whenever possible to fully pipeline this function.  If this DSP48 function was inferred, it is suggested to describe an additional register stage after this function.  If the DSP48 was instantiated in the design, it is suggested to set the PREG attribute to 1.
Related violations: <none>

DPOP-1#21 Warning
PREG Output pipelining  
DSP design_1_i/axi_pwm_2x8_0/inst/pwm_signals[15].pwm_inst0/PULSEWIDTH0__1 output design_1_i/axi_pwm_2x8_0/inst/pwm_signals[15].pwm_inst0/PULSEWIDTH0__1/P[47:0] is not pipelined (PREG=0). Pipelining the DSP48 output will improve performance and often saves power so it is suggested whenever possible to fully pipeline this function.  If this DSP48 function was inferred, it is suggested to describe an additional register stage after this function.  If the DSP48 was instantiated in the design, it is suggested to set the PREG attribute to 1.
Related violations: <none>

DPOP-1#22 Warning
PREG Output pipelining  
DSP design_1_i/axi_pwm_2x8_0/inst/pwm_signals[1].pwm_inst0/PULSEWIDTH0 output design_1_i/axi_pwm_2x8_0/inst/pwm_signals[1].pwm_inst0/PULSEWIDTH0/P[47:0] is not pipelined (PREG=0). Pipelining the DSP48 output will improve performance and often saves power so it is suggested whenever possible to fully pipeline this function.  If this DSP48 function was inferred, it is suggested to describe an additional register stage after this function.  If the DSP48 was instantiated in the design, it is suggested to set the PREG attribute to 1.
Related violations: <none>

DPOP-1#23 Warning
PREG Output pipelining  
DSP design_1_i/axi_pwm_2x8_0/inst/pwm_signals[1].pwm_inst0/PULSEWIDTH0__0 output design_1_i/axi_pwm_2x8_0/inst/pwm_signals[1].pwm_inst0/PULSEWIDTH0__0/P[47:0] is not pipelined (PREG=0). Pipelining the DSP48 output will improve performance and often saves power so it is suggested whenever possible to fully pipeline this function.  If this DSP48 function was inferred, it is suggested to describe an additional register stage after this function.  If the DSP48 was instantiated in the design, it is suggested to set the PREG attribute to 1.
Related violations: <none>

DPOP-1#24 Warning
PREG Output pipelining  
DSP design_1_i/axi_pwm_2x8_0/inst/pwm_signals[1].pwm_inst0/PULSEWIDTH0__1 output design_1_i/axi_pwm_2x8_0/inst/pwm_signals[1].pwm_inst0/PULSEWIDTH0__1/P[47:0] is not pipelined (PREG=0). Pipelining the DSP48 output will improve performance and often saves power so it is suggested whenever possible to fully pipeline this function.  If this DSP48 function was inferred, it is suggested to describe an additional register stage after this function.  If the DSP48 was instantiated in the design, it is suggested to set the PREG attribute to 1.
Related violations: <none>

DPOP-1#25 Warning
PREG Output pipelining  
DSP design_1_i/axi_pwm_2x8_0/inst/pwm_signals[2].pwm_inst0/PULSEWIDTH0 output design_1_i/axi_pwm_2x8_0/inst/pwm_signals[2].pwm_inst0/PULSEWIDTH0/P[47:0] is not pipelined (PREG=0). Pipelining the DSP48 output will improve performance and often saves power so it is suggested whenever possible to fully pipeline this function.  If this DSP48 function was inferred, it is suggested to describe an additional register stage after this function.  If the DSP48 was instantiated in the design, it is suggested to set the PREG attribute to 1.
Related violations: <none>

DPOP-1#26 Warning
PREG Output pipelining  
DSP design_1_i/axi_pwm_2x8_0/inst/pwm_signals[2].pwm_inst0/PULSEWIDTH0__0 output design_1_i/axi_pwm_2x8_0/inst/pwm_signals[2].pwm_inst0/PULSEWIDTH0__0/P[47:0] is not pipelined (PREG=0). Pipelining the DSP48 output will improve performance and often saves power so it is suggested whenever possible to fully pipeline this function.  If this DSP48 function was inferred, it is suggested to describe an additional register stage after this function.  If the DSP48 was instantiated in the design, it is suggested to set the PREG attribute to 1.
Related violations: <none>

DPOP-1#27 Warning
PREG Output pipelining  
DSP design_1_i/axi_pwm_2x8_0/inst/pwm_signals[2].pwm_inst0/PULSEWIDTH0__1 output design_1_i/axi_pwm_2x8_0/inst/pwm_signals[2].pwm_inst0/PULSEWIDTH0__1/P[47:0] is not pipelined (PREG=0). Pipelining the DSP48 output will improve performance and often saves power so it is suggested whenever possible to fully pipeline this function.  If this DSP48 function was inferred, it is suggested to describe an additional register stage after this function.  If the DSP48 was instantiated in the design, it is suggested to set the PREG attribute to 1.
Related violations: <none>

DPOP-1#28 Warning
PREG Output pipelining  
DSP design_1_i/axi_pwm_2x8_0/inst/pwm_signals[3].pwm_inst0/PULSEWIDTH0 output design_1_i/axi_pwm_2x8_0/inst/pwm_signals[3].pwm_inst0/PULSEWIDTH0/P[47:0] is not pipelined (PREG=0). Pipelining the DSP48 output will improve performance and often saves power so it is suggested whenever possible to fully pipeline this function.  If this DSP48 function was inferred, it is suggested to describe an additional register stage after this function.  If the DSP48 was instantiated in the design, it is suggested to set the PREG attribute to 1.
Related violations: <none>

DPOP-1#29 Warning
PREG Output pipelining  
DSP design_1_i/axi_pwm_2x8_0/inst/pwm_signals[3].pwm_inst0/PULSEWIDTH0__0 output design_1_i/axi_pwm_2x8_0/inst/pwm_signals[3].pwm_inst0/PULSEWIDTH0__0/P[47:0] is not pipelined (PREG=0). Pipelining the DSP48 output will improve performance and often saves power so it is suggested whenever possible to fully pipeline this function.  If this DSP48 function was inferred, it is suggested to describe an additional register stage after this function.  If the DSP48 was instantiated in the design, it is suggested to set the PREG attribute to 1.
Related violations: <none>

DPOP-1#30 Warning
PREG Output pipelining  
DSP design_1_i/axi_pwm_2x8_0/inst/pwm_signals[3].pwm_inst0/PULSEWIDTH0__1 output design_1_i/axi_pwm_2x8_0/inst/pwm_signals[3].pwm_inst0/PULSEWIDTH0__1/P[47:0] is not pipelined (PREG=0). Pipelining the DSP48 output will improve performance and often saves power so it is suggested whenever possible to fully pipeline this function.  If this DSP48 function was inferred, it is suggested to describe an additional register stage after this function.  If the DSP48 was instantiated in the design, it is suggested to set the PREG attribute to 1.
Related violations: <none>

DPOP-1#31 Warning
PREG Output pipelining  
DSP design_1_i/axi_pwm_2x8_0/inst/pwm_signals[4].pwm_inst0/PULSEWIDTH0 output design_1_i/axi_pwm_2x8_0/inst/pwm_signals[4].pwm_inst0/PULSEWIDTH0/P[47:0] is not pipelined (PREG=0). Pipelining the DSP48 output will improve performance and often saves power so it is suggested whenever possible to fully pipeline this function.  If this DSP48 function was inferred, it is suggested to describe an additional register stage after this function.  If the DSP48 was instantiated in the design, it is suggested to set the PREG attribute to 1.
Related violations: <none>

DPOP-1#32 Warning
PREG Output pipelining  
DSP design_1_i/axi_pwm_2x8_0/inst/pwm_signals[4].pwm_inst0/PULSEWIDTH0__0 output design_1_i/axi_pwm_2x8_0/inst/pwm_signals[4].pwm_inst0/PULSEWIDTH0__0/P[47:0] is not pipelined (PREG=0). Pipelining the DSP48 output will improve performance and often saves power so it is suggested whenever possible to fully pipeline this function.  If this DSP48 function was inferred, it is suggested to describe an additional register stage after this function.  If the DSP48 was instantiated in the design, it is suggested to set the PREG attribute to 1.
Related violations: <none>

DPOP-1#33 Warning
PREG Output pipelining  
DSP design_1_i/axi_pwm_2x8_0/inst/pwm_signals[4].pwm_inst0/PULSEWIDTH0__1 output design_1_i/axi_pwm_2x8_0/inst/pwm_signals[4].pwm_inst0/PULSEWIDTH0__1/P[47:0] is not pipelined (PREG=0). Pipelining the DSP48 output will improve performance and often saves power so it is suggested whenever possible to fully pipeline this function.  If this DSP48 function was inferred, it is suggested to describe an additional register stage after this function.  If the DSP48 was instantiated in the design, it is suggested to set the PREG attribute to 1.
Related violations: <none>

DPOP-1#34 Warning
PREG Output pipelining  
DSP design_1_i/axi_pwm_2x8_0/inst/pwm_signals[5].pwm_inst0/PULSEWIDTH0 output design_1_i/axi_pwm_2x8_0/inst/pwm_signals[5].pwm_inst0/PULSEWIDTH0/P[47:0] is not pipelined (PREG=0). Pipelining the DSP48 output will improve performance and often saves power so it is suggested whenever possible to fully pipeline this function.  If this DSP48 function was inferred, it is suggested to describe an additional register stage after this function.  If the DSP48 was instantiated in the design, it is suggested to set the PREG attribute to 1.
Related violations: <none>

DPOP-1#35 Warning
PREG Output pipelining  
DSP design_1_i/axi_pwm_2x8_0/inst/pwm_signals[5].pwm_inst0/PULSEWIDTH0__0 output design_1_i/axi_pwm_2x8_0/inst/pwm_signals[5].pwm_inst0/PULSEWIDTH0__0/P[47:0] is not pipelined (PREG=0). Pipelining the DSP48 output will improve performance and often saves power so it is suggested whenever possible to fully pipeline this function.  If this DSP48 function was inferred, it is suggested to describe an additional register stage after this function.  If the DSP48 was instantiated in the design, it is suggested to set the PREG attribute to 1.
Related violations: <none>

DPOP-1#36 Warning
PREG Output pipelining  
DSP design_1_i/axi_pwm_2x8_0/inst/pwm_signals[5].pwm_inst0/PULSEWIDTH0__1 output design_1_i/axi_pwm_2x8_0/inst/pwm_signals[5].pwm_inst0/PULSEWIDTH0__1/P[47:0] is not pipelined (PREG=0). Pipelining the DSP48 output will improve performance and often saves power so it is suggested whenever possible to fully pipeline this function.  If this DSP48 function was inferred, it is suggested to describe an additional register stage after this function.  If the DSP48 was instantiated in the design, it is suggested to set the PREG attribute to 1.
Related violations: <none>

DPOP-1#37 Warning
PREG Output pipelining  
DSP design_1_i/axi_pwm_2x8_0/inst/pwm_signals[6].pwm_inst0/PULSEWIDTH0 output design_1_i/axi_pwm_2x8_0/inst/pwm_signals[6].pwm_inst0/PULSEWIDTH0/P[47:0] is not pipelined (PREG=0). Pipelining the DSP48 output will improve performance and often saves power so it is suggested whenever possible to fully pipeline this function.  If this DSP48 function was inferred, it is suggested to describe an additional register stage after this function.  If the DSP48 was instantiated in the design, it is suggested to set the PREG attribute to 1.
Related violations: <none>

DPOP-1#38 Warning
PREG Output pipelining  
DSP design_1_i/axi_pwm_2x8_0/inst/pwm_signals[6].pwm_inst0/PULSEWIDTH0__0 output design_1_i/axi_pwm_2x8_0/inst/pwm_signals[6].pwm_inst0/PULSEWIDTH0__0/P[47:0] is not pipelined (PREG=0). Pipelining the DSP48 output will improve performance and often saves power so it is suggested whenever possible to fully pipeline this function.  If this DSP48 function was inferred, it is suggested to describe an additional register stage after this function.  If the DSP48 was instantiated in the design, it is suggested to set the PREG attribute to 1.
Related violations: <none>

DPOP-1#39 Warning
PREG Output pipelining  
DSP design_1_i/axi_pwm_2x8_0/inst/pwm_signals[6].pwm_inst0/PULSEWIDTH0__1 output design_1_i/axi_pwm_2x8_0/inst/pwm_signals[6].pwm_inst0/PULSEWIDTH0__1/P[47:0] is not pipelined (PREG=0). Pipelining the DSP48 output will improve performance and often saves power so it is suggested whenever possible to fully pipeline this function.  If this DSP48 function was inferred, it is suggested to describe an additional register stage after this function.  If the DSP48 was instantiated in the design, it is suggested to set the PREG attribute to 1.
Related violations: <none>

DPOP-1#40 Warning
PREG Output pipelining  
DSP design_1_i/axi_pwm_2x8_0/inst/pwm_signals[7].pwm_inst0/PULSEWIDTH0 output design_1_i/axi_pwm_2x8_0/inst/pwm_signals[7].pwm_inst0/PULSEWIDTH0/P[47:0] is not pipelined (PREG=0). Pipelining the DSP48 output will improve performance and often saves power so it is suggested whenever possible to fully pipeline this function.  If this DSP48 function was inferred, it is suggested to describe an additional register stage after this function.  If the DSP48 was instantiated in the design, it is suggested to set the PREG attribute to 1.
Related violations: <none>

DPOP-1#41 Warning
PREG Output pipelining  
DSP design_1_i/axi_pwm_2x8_0/inst/pwm_signals[7].pwm_inst0/PULSEWIDTH0__0 output design_1_i/axi_pwm_2x8_0/inst/pwm_signals[7].pwm_inst0/PULSEWIDTH0__0/P[47:0] is not pipelined (PREG=0). Pipelining the DSP48 output will improve performance and often saves power so it is suggested whenever possible to fully pipeline this function.  If this DSP48 function was inferred, it is suggested to describe an additional register stage after this function.  If the DSP48 was instantiated in the design, it is suggested to set the PREG attribute to 1.
Related violations: <none>

DPOP-1#42 Warning
PREG Output pipelining  
DSP design_1_i/axi_pwm_2x8_0/inst/pwm_signals[7].pwm_inst0/PULSEWIDTH0__1 output design_1_i/axi_pwm_2x8_0/inst/pwm_signals[7].pwm_inst0/PULSEWIDTH0__1/P[47:0] is not pipelined (PREG=0). Pipelining the DSP48 output will improve performance and often saves power so it is suggested whenever possible to fully pipeline this function.  If this DSP48 function was inferred, it is suggested to describe an additional register stage after this function.  If the DSP48 was instantiated in the design, it is suggested to set the PREG attribute to 1.
Related violations: <none>

DPOP-1#43 Warning
PREG Output pipelining  
DSP design_1_i/axi_pwm_2x8_0/inst/pwm_signals[8].pwm_inst0/PULSEWIDTH0 output design_1_i/axi_pwm_2x8_0/inst/pwm_signals[8].pwm_inst0/PULSEWIDTH0/P[47:0] is not pipelined (PREG=0). Pipelining the DSP48 output will improve performance and often saves power so it is suggested whenever possible to fully pipeline this function.  If this DSP48 function was inferred, it is suggested to describe an additional register stage after this function.  If the DSP48 was instantiated in the design, it is suggested to set the PREG attribute to 1.
Related violations: <none>

DPOP-1#44 Warning
PREG Output pipelining  
DSP design_1_i/axi_pwm_2x8_0/inst/pwm_signals[8].pwm_inst0/PULSEWIDTH0__0 output design_1_i/axi_pwm_2x8_0/inst/pwm_signals[8].pwm_inst0/PULSEWIDTH0__0/P[47:0] is not pipelined (PREG=0). Pipelining the DSP48 output will improve performance and often saves power so it is suggested whenever possible to fully pipeline this function.  If this DSP48 function was inferred, it is suggested to describe an additional register stage after this function.  If the DSP48 was instantiated in the design, it is suggested to set the PREG attribute to 1.
Related violations: <none>

DPOP-1#45 Warning
PREG Output pipelining  
DSP design_1_i/axi_pwm_2x8_0/inst/pwm_signals[8].pwm_inst0/PULSEWIDTH0__1 output design_1_i/axi_pwm_2x8_0/inst/pwm_signals[8].pwm_inst0/PULSEWIDTH0__1/P[47:0] is not pipelined (PREG=0). Pipelining the DSP48 output will improve performance and often saves power so it is suggested whenever possible to fully pipeline this function.  If this DSP48 function was inferred, it is suggested to describe an additional register stage after this function.  If the DSP48 was instantiated in the design, it is suggested to set the PREG attribute to 1.
Related violations: <none>

DPOP-1#46 Warning
PREG Output pipelining  
DSP design_1_i/axi_pwm_2x8_0/inst/pwm_signals[9].pwm_inst0/PULSEWIDTH0 output design_1_i/axi_pwm_2x8_0/inst/pwm_signals[9].pwm_inst0/PULSEWIDTH0/P[47:0] is not pipelined (PREG=0). Pipelining the DSP48 output will improve performance and often saves power so it is suggested whenever possible to fully pipeline this function.  If this DSP48 function was inferred, it is suggested to describe an additional register stage after this function.  If the DSP48 was instantiated in the design, it is suggested to set the PREG attribute to 1.
Related violations: <none>

DPOP-1#47 Warning
PREG Output pipelining  
DSP design_1_i/axi_pwm_2x8_0/inst/pwm_signals[9].pwm_inst0/PULSEWIDTH0__0 output design_1_i/axi_pwm_2x8_0/inst/pwm_signals[9].pwm_inst0/PULSEWIDTH0__0/P[47:0] is not pipelined (PREG=0). Pipelining the DSP48 output will improve performance and often saves power so it is suggested whenever possible to fully pipeline this function.  If this DSP48 function was inferred, it is suggested to describe an additional register stage after this function.  If the DSP48 was instantiated in the design, it is suggested to set the PREG attribute to 1.
Related violations: <none>

DPOP-1#48 Warning
PREG Output pipelining  
DSP design_1_i/axi_pwm_2x8_0/inst/pwm_signals[9].pwm_inst0/PULSEWIDTH0__1 output design_1_i/axi_pwm_2x8_0/inst/pwm_signals[9].pwm_inst0/PULSEWIDTH0__1/P[47:0] is not pipelined (PREG=0). Pipelining the DSP48 output will improve performance and often saves power so it is suggested whenever possible to fully pipeline this function.  If this DSP48 function was inferred, it is suggested to describe an additional register stage after this function.  If the DSP48 was instantiated in the design, it is suggested to set the PREG attribute to 1.
Related violations: <none>

DPOP-2#1 Warning
MREG Output pipelining  
DSP design_1_i/axi_pwm_2x8_0/inst/pwm_signals[0].pwm_inst0/PULSEWIDTH0 multiplier stage design_1_i/axi_pwm_2x8_0/inst/pwm_signals[0].pwm_inst0/PULSEWIDTH0/P[47:0] is not pipelined (MREG=0). Pipelining the multiplier function will improve performance and will save significant power so it is suggested whenever possible to fully pipeline this function.  If this multiplier was inferred, it is suggested to describe an additional register stage after this function.  If there is no registered adder/accumulator following the multiply function, two pipeline stages are suggested to allow both the MREG and PREG registers to be used.  If the DSP48 was instantiated in the design, it is suggested to set both the MREG and PREG attributes to 1 when performing multiply functions.
Related violations: <none>

DPOP-2#2 Warning
MREG Output pipelining  
DSP design_1_i/axi_pwm_2x8_0/inst/pwm_signals[0].pwm_inst0/PULSEWIDTH0__0 multiplier stage design_1_i/axi_pwm_2x8_0/inst/pwm_signals[0].pwm_inst0/PULSEWIDTH0__0/P[47:0] is not pipelined (MREG=0). Pipelining the multiplier function will improve performance and will save significant power so it is suggested whenever possible to fully pipeline this function.  If this multiplier was inferred, it is suggested to describe an additional register stage after this function.  If there is no registered adder/accumulator following the multiply function, two pipeline stages are suggested to allow both the MREG and PREG registers to be used.  If the DSP48 was instantiated in the design, it is suggested to set both the MREG and PREG attributes to 1 when performing multiply functions.
Related violations: <none>

DPOP-2#3 Warning
MREG Output pipelining  
DSP design_1_i/axi_pwm_2x8_0/inst/pwm_signals[0].pwm_inst0/PULSEWIDTH0__1 multiplier stage design_1_i/axi_pwm_2x8_0/inst/pwm_signals[0].pwm_inst0/PULSEWIDTH0__1/P[47:0] is not pipelined (MREG=0). Pipelining the multiplier function will improve performance and will save significant power so it is suggested whenever possible to fully pipeline this function.  If this multiplier was inferred, it is suggested to describe an additional register stage after this function.  If there is no registered adder/accumulator following the multiply function, two pipeline stages are suggested to allow both the MREG and PREG registers to be used.  If the DSP48 was instantiated in the design, it is suggested to set both the MREG and PREG attributes to 1 when performing multiply functions.
Related violations: <none>

DPOP-2#4 Warning
MREG Output pipelining  
DSP design_1_i/axi_pwm_2x8_0/inst/pwm_signals[10].pwm_inst0/PULSEWIDTH0 multiplier stage design_1_i/axi_pwm_2x8_0/inst/pwm_signals[10].pwm_inst0/PULSEWIDTH0/P[47:0] is not pipelined (MREG=0). Pipelining the multiplier function will improve performance and will save significant power so it is suggested whenever possible to fully pipeline this function.  If this multiplier was inferred, it is suggested to describe an additional register stage after this function.  If there is no registered adder/accumulator following the multiply function, two pipeline stages are suggested to allow both the MREG and PREG registers to be used.  If the DSP48 was instantiated in the design, it is suggested to set both the MREG and PREG attributes to 1 when performing multiply functions.
Related violations: <none>

DPOP-2#5 Warning
MREG Output pipelining  
DSP design_1_i/axi_pwm_2x8_0/inst/pwm_signals[10].pwm_inst0/PULSEWIDTH0__0 multiplier stage design_1_i/axi_pwm_2x8_0/inst/pwm_signals[10].pwm_inst0/PULSEWIDTH0__0/P[47:0] is not pipelined (MREG=0). Pipelining the multiplier function will improve performance and will save significant power so it is suggested whenever possible to fully pipeline this function.  If this multiplier was inferred, it is suggested to describe an additional register stage after this function.  If there is no registered adder/accumulator following the multiply function, two pipeline stages are suggested to allow both the MREG and PREG registers to be used.  If the DSP48 was instantiated in the design, it is suggested to set both the MREG and PREG attributes to 1 when performing multiply functions.
Related violations: <none>

DPOP-2#6 Warning
MREG Output pipelining  
DSP design_1_i/axi_pwm_2x8_0/inst/pwm_signals[10].pwm_inst0/PULSEWIDTH0__1 multiplier stage design_1_i/axi_pwm_2x8_0/inst/pwm_signals[10].pwm_inst0/PULSEWIDTH0__1/P[47:0] is not pipelined (MREG=0). Pipelining the multiplier function will improve performance and will save significant power so it is suggested whenever possible to fully pipeline this function.  If this multiplier was inferred, it is suggested to describe an additional register stage after this function.  If there is no registered adder/accumulator following the multiply function, two pipeline stages are suggested to allow both the MREG and PREG registers to be used.  If the DSP48 was instantiated in the design, it is suggested to set both the MREG and PREG attributes to 1 when performing multiply functions.
Related violations: <none>

DPOP-2#7 Warning
MREG Output pipelining  
DSP design_1_i/axi_pwm_2x8_0/inst/pwm_signals[11].pwm_inst0/PULSEWIDTH0 multiplier stage design_1_i/axi_pwm_2x8_0/inst/pwm_signals[11].pwm_inst0/PULSEWIDTH0/P[47:0] is not pipelined (MREG=0). Pipelining the multiplier function will improve performance and will save significant power so it is suggested whenever possible to fully pipeline this function.  If this multiplier was inferred, it is suggested to describe an additional register stage after this function.  If there is no registered adder/accumulator following the multiply function, two pipeline stages are suggested to allow both the MREG and PREG registers to be used.  If the DSP48 was instantiated in the design, it is suggested to set both the MREG and PREG attributes to 1 when performing multiply functions.
Related violations: <none>

DPOP-2#8 Warning
MREG Output pipelining  
DSP design_1_i/axi_pwm_2x8_0/inst/pwm_signals[11].pwm_inst0/PULSEWIDTH0__0 multiplier stage design_1_i/axi_pwm_2x8_0/inst/pwm_signals[11].pwm_inst0/PULSEWIDTH0__0/P[47:0] is not pipelined (MREG=0). Pipelining the multiplier function will improve performance and will save significant power so it is suggested whenever possible to fully pipeline this function.  If this multiplier was inferred, it is suggested to describe an additional register stage after this function.  If there is no registered adder/accumulator following the multiply function, two pipeline stages are suggested to allow both the MREG and PREG registers to be used.  If the DSP48 was instantiated in the design, it is suggested to set both the MREG and PREG attributes to 1 when performing multiply functions.
Related violations: <none>

DPOP-2#9 Warning
MREG Output pipelining  
DSP design_1_i/axi_pwm_2x8_0/inst/pwm_signals[11].pwm_inst0/PULSEWIDTH0__1 multiplier stage design_1_i/axi_pwm_2x8_0/inst/pwm_signals[11].pwm_inst0/PULSEWIDTH0__1/P[47:0] is not pipelined (MREG=0). Pipelining the multiplier function will improve performance and will save significant power so it is suggested whenever possible to fully pipeline this function.  If this multiplier was inferred, it is suggested to describe an additional register stage after this function.  If there is no registered adder/accumulator following the multiply function, two pipeline stages are suggested to allow both the MREG and PREG registers to be used.  If the DSP48 was instantiated in the design, it is suggested to set both the MREG and PREG attributes to 1 when performing multiply functions.
Related violations: <none>

DPOP-2#10 Warning
MREG Output pipelining  
DSP design_1_i/axi_pwm_2x8_0/inst/pwm_signals[12].pwm_inst0/PULSEWIDTH0 multiplier stage design_1_i/axi_pwm_2x8_0/inst/pwm_signals[12].pwm_inst0/PULSEWIDTH0/P[47:0] is not pipelined (MREG=0). Pipelining the multiplier function will improve performance and will save significant power so it is suggested whenever possible to fully pipeline this function.  If this multiplier was inferred, it is suggested to describe an additional register stage after this function.  If there is no registered adder/accumulator following the multiply function, two pipeline stages are suggested to allow both the MREG and PREG registers to be used.  If the DSP48 was instantiated in the design, it is suggested to set both the MREG and PREG attributes to 1 when performing multiply functions.
Related violations: <none>

DPOP-2#11 Warning
MREG Output pipelining  
DSP design_1_i/axi_pwm_2x8_0/inst/pwm_signals[12].pwm_inst0/PULSEWIDTH0__0 multiplier stage design_1_i/axi_pwm_2x8_0/inst/pwm_signals[12].pwm_inst0/PULSEWIDTH0__0/P[47:0] is not pipelined (MREG=0). Pipelining the multiplier function will improve performance and will save significant power so it is suggested whenever possible to fully pipeline this function.  If this multiplier was inferred, it is suggested to describe an additional register stage after this function.  If there is no registered adder/accumulator following the multiply function, two pipeline stages are suggested to allow both the MREG and PREG registers to be used.  If the DSP48 was instantiated in the design, it is suggested to set both the MREG and PREG attributes to 1 when performing multiply functions.
Related violations: <none>

DPOP-2#12 Warning
MREG Output pipelining  
DSP design_1_i/axi_pwm_2x8_0/inst/pwm_signals[12].pwm_inst0/PULSEWIDTH0__1 multiplier stage design_1_i/axi_pwm_2x8_0/inst/pwm_signals[12].pwm_inst0/PULSEWIDTH0__1/P[47:0] is not pipelined (MREG=0). Pipelining the multiplier function will improve performance and will save significant power so it is suggested whenever possible to fully pipeline this function.  If this multiplier was inferred, it is suggested to describe an additional register stage after this function.  If there is no registered adder/accumulator following the multiply function, two pipeline stages are suggested to allow both the MREG and PREG registers to be used.  If the DSP48 was instantiated in the design, it is suggested to set both the MREG and PREG attributes to 1 when performing multiply functions.
Related violations: <none>

DPOP-2#13 Warning
MREG Output pipelining  
DSP design_1_i/axi_pwm_2x8_0/inst/pwm_signals[13].pwm_inst0/PULSEWIDTH0 multiplier stage design_1_i/axi_pwm_2x8_0/inst/pwm_signals[13].pwm_inst0/PULSEWIDTH0/P[47:0] is not pipelined (MREG=0). Pipelining the multiplier function will improve performance and will save significant power so it is suggested whenever possible to fully pipeline this function.  If this multiplier was inferred, it is suggested to describe an additional register stage after this function.  If there is no registered adder/accumulator following the multiply function, two pipeline stages are suggested to allow both the MREG and PREG registers to be used.  If the DSP48 was instantiated in the design, it is suggested to set both the MREG and PREG attributes to 1 when performing multiply functions.
Related violations: <none>

DPOP-2#14 Warning
MREG Output pipelining  
DSP design_1_i/axi_pwm_2x8_0/inst/pwm_signals[13].pwm_inst0/PULSEWIDTH0__0 multiplier stage design_1_i/axi_pwm_2x8_0/inst/pwm_signals[13].pwm_inst0/PULSEWIDTH0__0/P[47:0] is not pipelined (MREG=0). Pipelining the multiplier function will improve performance and will save significant power so it is suggested whenever possible to fully pipeline this function.  If this multiplier was inferred, it is suggested to describe an additional register stage after this function.  If there is no registered adder/accumulator following the multiply function, two pipeline stages are suggested to allow both the MREG and PREG registers to be used.  If the DSP48 was instantiated in the design, it is suggested to set both the MREG and PREG attributes to 1 when performing multiply functions.
Related violations: <none>

DPOP-2#15 Warning
MREG Output pipelining  
DSP design_1_i/axi_pwm_2x8_0/inst/pwm_signals[13].pwm_inst0/PULSEWIDTH0__1 multiplier stage design_1_i/axi_pwm_2x8_0/inst/pwm_signals[13].pwm_inst0/PULSEWIDTH0__1/P[47:0] is not pipelined (MREG=0). Pipelining the multiplier function will improve performance and will save significant power so it is suggested whenever possible to fully pipeline this function.  If this multiplier was inferred, it is suggested to describe an additional register stage after this function.  If there is no registered adder/accumulator following the multiply function, two pipeline stages are suggested to allow both the MREG and PREG registers to be used.  If the DSP48 was instantiated in the design, it is suggested to set both the MREG and PREG attributes to 1 when performing multiply functions.
Related violations: <none>

DPOP-2#16 Warning
MREG Output pipelining  
DSP design_1_i/axi_pwm_2x8_0/inst/pwm_signals[14].pwm_inst0/PULSEWIDTH0 multiplier stage design_1_i/axi_pwm_2x8_0/inst/pwm_signals[14].pwm_inst0/PULSEWIDTH0/P[47:0] is not pipelined (MREG=0). Pipelining the multiplier function will improve performance and will save significant power so it is suggested whenever possible to fully pipeline this function.  If this multiplier was inferred, it is suggested to describe an additional register stage after this function.  If there is no registered adder/accumulator following the multiply function, two pipeline stages are suggested to allow both the MREG and PREG registers to be used.  If the DSP48 was instantiated in the design, it is suggested to set both the MREG and PREG attributes to 1 when performing multiply functions.
Related violations: <none>

DPOP-2#17 Warning
MREG Output pipelining  
DSP design_1_i/axi_pwm_2x8_0/inst/pwm_signals[14].pwm_inst0/PULSEWIDTH0__0 multiplier stage design_1_i/axi_pwm_2x8_0/inst/pwm_signals[14].pwm_inst0/PULSEWIDTH0__0/P[47:0] is not pipelined (MREG=0). Pipelining the multiplier function will improve performance and will save significant power so it is suggested whenever possible to fully pipeline this function.  If this multiplier was inferred, it is suggested to describe an additional register stage after this function.  If there is no registered adder/accumulator following the multiply function, two pipeline stages are suggested to allow both the MREG and PREG registers to be used.  If the DSP48 was instantiated in the design, it is suggested to set both the MREG and PREG attributes to 1 when performing multiply functions.
Related violations: <none>

DPOP-2#18 Warning
MREG Output pipelining  
DSP design_1_i/axi_pwm_2x8_0/inst/pwm_signals[14].pwm_inst0/PULSEWIDTH0__1 multiplier stage design_1_i/axi_pwm_2x8_0/inst/pwm_signals[14].pwm_inst0/PULSEWIDTH0__1/P[47:0] is not pipelined (MREG=0). Pipelining the multiplier function will improve performance and will save significant power so it is suggested whenever possible to fully pipeline this function.  If this multiplier was inferred, it is suggested to describe an additional register stage after this function.  If there is no registered adder/accumulator following the multiply function, two pipeline stages are suggested to allow both the MREG and PREG registers to be used.  If the DSP48 was instantiated in the design, it is suggested to set both the MREG and PREG attributes to 1 when performing multiply functions.
Related violations: <none>

DPOP-2#19 Warning
MREG Output pipelining  
DSP design_1_i/axi_pwm_2x8_0/inst/pwm_signals[15].pwm_inst0/PULSEWIDTH0 multiplier stage design_1_i/axi_pwm_2x8_0/inst/pwm_signals[15].pwm_inst0/PULSEWIDTH0/P[47:0] is not pipelined (MREG=0). Pipelining the multiplier function will improve performance and will save significant power so it is suggested whenever possible to fully pipeline this function.  If this multiplier was inferred, it is suggested to describe an additional register stage after this function.  If there is no registered adder/accumulator following the multiply function, two pipeline stages are suggested to allow both the MREG and PREG registers to be used.  If the DSP48 was instantiated in the design, it is suggested to set both the MREG and PREG attributes to 1 when performing multiply functions.
Related violations: <none>

DPOP-2#20 Warning
MREG Output pipelining  
DSP design_1_i/axi_pwm_2x8_0/inst/pwm_signals[15].pwm_inst0/PULSEWIDTH0__0 multiplier stage design_1_i/axi_pwm_2x8_0/inst/pwm_signals[15].pwm_inst0/PULSEWIDTH0__0/P[47:0] is not pipelined (MREG=0). Pipelining the multiplier function will improve performance and will save significant power so it is suggested whenever possible to fully pipeline this function.  If this multiplier was inferred, it is suggested to describe an additional register stage after this function.  If there is no registered adder/accumulator following the multiply function, two pipeline stages are suggested to allow both the MREG and PREG registers to be used.  If the DSP48 was instantiated in the design, it is suggested to set both the MREG and PREG attributes to 1 when performing multiply functions.
Related violations: <none>

DPOP-2#21 Warning
MREG Output pipelining  
DSP design_1_i/axi_pwm_2x8_0/inst/pwm_signals[15].pwm_inst0/PULSEWIDTH0__1 multiplier stage design_1_i/axi_pwm_2x8_0/inst/pwm_signals[15].pwm_inst0/PULSEWIDTH0__1/P[47:0] is not pipelined (MREG=0). Pipelining the multiplier function will improve performance and will save significant power so it is suggested whenever possible to fully pipeline this function.  If this multiplier was inferred, it is suggested to describe an additional register stage after this function.  If there is no registered adder/accumulator following the multiply function, two pipeline stages are suggested to allow both the MREG and PREG registers to be used.  If the DSP48 was instantiated in the design, it is suggested to set both the MREG and PREG attributes to 1 when performing multiply functions.
Related violations: <none>

DPOP-2#22 Warning
MREG Output pipelining  
DSP design_1_i/axi_pwm_2x8_0/inst/pwm_signals[1].pwm_inst0/PULSEWIDTH0 multiplier stage design_1_i/axi_pwm_2x8_0/inst/pwm_signals[1].pwm_inst0/PULSEWIDTH0/P[47:0] is not pipelined (MREG=0). Pipelining the multiplier function will improve performance and will save significant power so it is suggested whenever possible to fully pipeline this function.  If this multiplier was inferred, it is suggested to describe an additional register stage after this function.  If there is no registered adder/accumulator following the multiply function, two pipeline stages are suggested to allow both the MREG and PREG registers to be used.  If the DSP48 was instantiated in the design, it is suggested to set both the MREG and PREG attributes to 1 when performing multiply functions.
Related violations: <none>

DPOP-2#23 Warning
MREG Output pipelining  
DSP design_1_i/axi_pwm_2x8_0/inst/pwm_signals[1].pwm_inst0/PULSEWIDTH0__0 multiplier stage design_1_i/axi_pwm_2x8_0/inst/pwm_signals[1].pwm_inst0/PULSEWIDTH0__0/P[47:0] is not pipelined (MREG=0). Pipelining the multiplier function will improve performance and will save significant power so it is suggested whenever possible to fully pipeline this function.  If this multiplier was inferred, it is suggested to describe an additional register stage after this function.  If there is no registered adder/accumulator following the multiply function, two pipeline stages are suggested to allow both the MREG and PREG registers to be used.  If the DSP48 was instantiated in the design, it is suggested to set both the MREG and PREG attributes to 1 when performing multiply functions.
Related violations: <none>

DPOP-2#24 Warning
MREG Output pipelining  
DSP design_1_i/axi_pwm_2x8_0/inst/pwm_signals[1].pwm_inst0/PULSEWIDTH0__1 multiplier stage design_1_i/axi_pwm_2x8_0/inst/pwm_signals[1].pwm_inst0/PULSEWIDTH0__1/P[47:0] is not pipelined (MREG=0). Pipelining the multiplier function will improve performance and will save significant power so it is suggested whenever possible to fully pipeline this function.  If this multiplier was inferred, it is suggested to describe an additional register stage after this function.  If there is no registered adder/accumulator following the multiply function, two pipeline stages are suggested to allow both the MREG and PREG registers to be used.  If the DSP48 was instantiated in the design, it is suggested to set both the MREG and PREG attributes to 1 when performing multiply functions.
Related violations: <none>

DPOP-2#25 Warning
MREG Output pipelining  
DSP design_1_i/axi_pwm_2x8_0/inst/pwm_signals[2].pwm_inst0/PULSEWIDTH0 multiplier stage design_1_i/axi_pwm_2x8_0/inst/pwm_signals[2].pwm_inst0/PULSEWIDTH0/P[47:0] is not pipelined (MREG=0). Pipelining the multiplier function will improve performance and will save significant power so it is suggested whenever possible to fully pipeline this function.  If this multiplier was inferred, it is suggested to describe an additional register stage after this function.  If there is no registered adder/accumulator following the multiply function, two pipeline stages are suggested to allow both the MREG and PREG registers to be used.  If the DSP48 was instantiated in the design, it is suggested to set both the MREG and PREG attributes to 1 when performing multiply functions.
Related violations: <none>

DPOP-2#26 Warning
MREG Output pipelining  
DSP design_1_i/axi_pwm_2x8_0/inst/pwm_signals[2].pwm_inst0/PULSEWIDTH0__0 multiplier stage design_1_i/axi_pwm_2x8_0/inst/pwm_signals[2].pwm_inst0/PULSEWIDTH0__0/P[47:0] is not pipelined (MREG=0). Pipelining the multiplier function will improve performance and will save significant power so it is suggested whenever possible to fully pipeline this function.  If this multiplier was inferred, it is suggested to describe an additional register stage after this function.  If there is no registered adder/accumulator following the multiply function, two pipeline stages are suggested to allow both the MREG and PREG registers to be used.  If the DSP48 was instantiated in the design, it is suggested to set both the MREG and PREG attributes to 1 when performing multiply functions.
Related violations: <none>

DPOP-2#27 Warning
MREG Output pipelining  
DSP design_1_i/axi_pwm_2x8_0/inst/pwm_signals[2].pwm_inst0/PULSEWIDTH0__1 multiplier stage design_1_i/axi_pwm_2x8_0/inst/pwm_signals[2].pwm_inst0/PULSEWIDTH0__1/P[47:0] is not pipelined (MREG=0). Pipelining the multiplier function will improve performance and will save significant power so it is suggested whenever possible to fully pipeline this function.  If this multiplier was inferred, it is suggested to describe an additional register stage after this function.  If there is no registered adder/accumulator following the multiply function, two pipeline stages are suggested to allow both the MREG and PREG registers to be used.  If the DSP48 was instantiated in the design, it is suggested to set both the MREG and PREG attributes to 1 when performing multiply functions.
Related violations: <none>

DPOP-2#28 Warning
MREG Output pipelining  
DSP design_1_i/axi_pwm_2x8_0/inst/pwm_signals[3].pwm_inst0/PULSEWIDTH0 multiplier stage design_1_i/axi_pwm_2x8_0/inst/pwm_signals[3].pwm_inst0/PULSEWIDTH0/P[47:0] is not pipelined (MREG=0). Pipelining the multiplier function will improve performance and will save significant power so it is suggested whenever possible to fully pipeline this function.  If this multiplier was inferred, it is suggested to describe an additional register stage after this function.  If there is no registered adder/accumulator following the multiply function, two pipeline stages are suggested to allow both the MREG and PREG registers to be used.  If the DSP48 was instantiated in the design, it is suggested to set both the MREG and PREG attributes to 1 when performing multiply functions.
Related violations: <none>

DPOP-2#29 Warning
MREG Output pipelining  
DSP design_1_i/axi_pwm_2x8_0/inst/pwm_signals[3].pwm_inst0/PULSEWIDTH0__0 multiplier stage design_1_i/axi_pwm_2x8_0/inst/pwm_signals[3].pwm_inst0/PULSEWIDTH0__0/P[47:0] is not pipelined (MREG=0). Pipelining the multiplier function will improve performance and will save significant power so it is suggested whenever possible to fully pipeline this function.  If this multiplier was inferred, it is suggested to describe an additional register stage after this function.  If there is no registered adder/accumulator following the multiply function, two pipeline stages are suggested to allow both the MREG and PREG registers to be used.  If the DSP48 was instantiated in the design, it is suggested to set both the MREG and PREG attributes to 1 when performing multiply functions.
Related violations: <none>

DPOP-2#30 Warning
MREG Output pipelining  
DSP design_1_i/axi_pwm_2x8_0/inst/pwm_signals[3].pwm_inst0/PULSEWIDTH0__1 multiplier stage design_1_i/axi_pwm_2x8_0/inst/pwm_signals[3].pwm_inst0/PULSEWIDTH0__1/P[47:0] is not pipelined (MREG=0). Pipelining the multiplier function will improve performance and will save significant power so it is suggested whenever possible to fully pipeline this function.  If this multiplier was inferred, it is suggested to describe an additional register stage after this function.  If there is no registered adder/accumulator following the multiply function, two pipeline stages are suggested to allow both the MREG and PREG registers to be used.  If the DSP48 was instantiated in the design, it is suggested to set both the MREG and PREG attributes to 1 when performing multiply functions.
Related violations: <none>

DPOP-2#31 Warning
MREG Output pipelining  
DSP design_1_i/axi_pwm_2x8_0/inst/pwm_signals[4].pwm_inst0/PULSEWIDTH0 multiplier stage design_1_i/axi_pwm_2x8_0/inst/pwm_signals[4].pwm_inst0/PULSEWIDTH0/P[47:0] is not pipelined (MREG=0). Pipelining the multiplier function will improve performance and will save significant power so it is suggested whenever possible to fully pipeline this function.  If this multiplier was inferred, it is suggested to describe an additional register stage after this function.  If there is no registered adder/accumulator following the multiply function, two pipeline stages are suggested to allow both the MREG and PREG registers to be used.  If the DSP48 was instantiated in the design, it is suggested to set both the MREG and PREG attributes to 1 when performing multiply functions.
Related violations: <none>

DPOP-2#32 Warning
MREG Output pipelining  
DSP design_1_i/axi_pwm_2x8_0/inst/pwm_signals[4].pwm_inst0/PULSEWIDTH0__0 multiplier stage design_1_i/axi_pwm_2x8_0/inst/pwm_signals[4].pwm_inst0/PULSEWIDTH0__0/P[47:0] is not pipelined (MREG=0). Pipelining the multiplier function will improve performance and will save significant power so it is suggested whenever possible to fully pipeline this function.  If this multiplier was inferred, it is suggested to describe an additional register stage after this function.  If there is no registered adder/accumulator following the multiply function, two pipeline stages are suggested to allow both the MREG and PREG registers to be used.  If the DSP48 was instantiated in the design, it is suggested to set both the MREG and PREG attributes to 1 when performing multiply functions.
Related violations: <none>

DPOP-2#33 Warning
MREG Output pipelining  
DSP design_1_i/axi_pwm_2x8_0/inst/pwm_signals[4].pwm_inst0/PULSEWIDTH0__1 multiplier stage design_1_i/axi_pwm_2x8_0/inst/pwm_signals[4].pwm_inst0/PULSEWIDTH0__1/P[47:0] is not pipelined (MREG=0). Pipelining the multiplier function will improve performance and will save significant power so it is suggested whenever possible to fully pipeline this function.  If this multiplier was inferred, it is suggested to describe an additional register stage after this function.  If there is no registered adder/accumulator following the multiply function, two pipeline stages are suggested to allow both the MREG and PREG registers to be used.  If the DSP48 was instantiated in the design, it is suggested to set both the MREG and PREG attributes to 1 when performing multiply functions.
Related violations: <none>

DPOP-2#34 Warning
MREG Output pipelining  
DSP design_1_i/axi_pwm_2x8_0/inst/pwm_signals[5].pwm_inst0/PULSEWIDTH0 multiplier stage design_1_i/axi_pwm_2x8_0/inst/pwm_signals[5].pwm_inst0/PULSEWIDTH0/P[47:0] is not pipelined (MREG=0). Pipelining the multiplier function will improve performance and will save significant power so it is suggested whenever possible to fully pipeline this function.  If this multiplier was inferred, it is suggested to describe an additional register stage after this function.  If there is no registered adder/accumulator following the multiply function, two pipeline stages are suggested to allow both the MREG and PREG registers to be used.  If the DSP48 was instantiated in the design, it is suggested to set both the MREG and PREG attributes to 1 when performing multiply functions.
Related violations: <none>

DPOP-2#35 Warning
MREG Output pipelining  
DSP design_1_i/axi_pwm_2x8_0/inst/pwm_signals[5].pwm_inst0/PULSEWIDTH0__0 multiplier stage design_1_i/axi_pwm_2x8_0/inst/pwm_signals[5].pwm_inst0/PULSEWIDTH0__0/P[47:0] is not pipelined (MREG=0). Pipelining the multiplier function will improve performance and will save significant power so it is suggested whenever possible to fully pipeline this function.  If this multiplier was inferred, it is suggested to describe an additional register stage after this function.  If there is no registered adder/accumulator following the multiply function, two pipeline stages are suggested to allow both the MREG and PREG registers to be used.  If the DSP48 was instantiated in the design, it is suggested to set both the MREG and PREG attributes to 1 when performing multiply functions.
Related violations: <none>

DPOP-2#36 Warning
MREG Output pipelining  
DSP design_1_i/axi_pwm_2x8_0/inst/pwm_signals[5].pwm_inst0/PULSEWIDTH0__1 multiplier stage design_1_i/axi_pwm_2x8_0/inst/pwm_signals[5].pwm_inst0/PULSEWIDTH0__1/P[47:0] is not pipelined (MREG=0). Pipelining the multiplier function will improve performance and will save significant power so it is suggested whenever possible to fully pipeline this function.  If this multiplier was inferred, it is suggested to describe an additional register stage after this function.  If there is no registered adder/accumulator following the multiply function, two pipeline stages are suggested to allow both the MREG and PREG registers to be used.  If the DSP48 was instantiated in the design, it is suggested to set both the MREG and PREG attributes to 1 when performing multiply functions.
Related violations: <none>

DPOP-2#37 Warning
MREG Output pipelining  
DSP design_1_i/axi_pwm_2x8_0/inst/pwm_signals[6].pwm_inst0/PULSEWIDTH0 multiplier stage design_1_i/axi_pwm_2x8_0/inst/pwm_signals[6].pwm_inst0/PULSEWIDTH0/P[47:0] is not pipelined (MREG=0). Pipelining the multiplier function will improve performance and will save significant power so it is suggested whenever possible to fully pipeline this function.  If this multiplier was inferred, it is suggested to describe an additional register stage after this function.  If there is no registered adder/accumulator following the multiply function, two pipeline stages are suggested to allow both the MREG and PREG registers to be used.  If the DSP48 was instantiated in the design, it is suggested to set both the MREG and PREG attributes to 1 when performing multiply functions.
Related violations: <none>

DPOP-2#38 Warning
MREG Output pipelining  
DSP design_1_i/axi_pwm_2x8_0/inst/pwm_signals[6].pwm_inst0/PULSEWIDTH0__0 multiplier stage design_1_i/axi_pwm_2x8_0/inst/pwm_signals[6].pwm_inst0/PULSEWIDTH0__0/P[47:0] is not pipelined (MREG=0). Pipelining the multiplier function will improve performance and will save significant power so it is suggested whenever possible to fully pipeline this function.  If this multiplier was inferred, it is suggested to describe an additional register stage after this function.  If there is no registered adder/accumulator following the multiply function, two pipeline stages are suggested to allow both the MREG and PREG registers to be used.  If the DSP48 was instantiated in the design, it is suggested to set both the MREG and PREG attributes to 1 when performing multiply functions.
Related violations: <none>

DPOP-2#39 Warning
MREG Output pipelining  
DSP design_1_i/axi_pwm_2x8_0/inst/pwm_signals[6].pwm_inst0/PULSEWIDTH0__1 multiplier stage design_1_i/axi_pwm_2x8_0/inst/pwm_signals[6].pwm_inst0/PULSEWIDTH0__1/P[47:0] is not pipelined (MREG=0). Pipelining the multiplier function will improve performance and will save significant power so it is suggested whenever possible to fully pipeline this function.  If this multiplier was inferred, it is suggested to describe an additional register stage after this function.  If there is no registered adder/accumulator following the multiply function, two pipeline stages are suggested to allow both the MREG and PREG registers to be used.  If the DSP48 was instantiated in the design, it is suggested to set both the MREG and PREG attributes to 1 when performing multiply functions.
Related violations: <none>

DPOP-2#40 Warning
MREG Output pipelining  
DSP design_1_i/axi_pwm_2x8_0/inst/pwm_signals[7].pwm_inst0/PULSEWIDTH0 multiplier stage design_1_i/axi_pwm_2x8_0/inst/pwm_signals[7].pwm_inst0/PULSEWIDTH0/P[47:0] is not pipelined (MREG=0). Pipelining the multiplier function will improve performance and will save significant power so it is suggested whenever possible to fully pipeline this function.  If this multiplier was inferred, it is suggested to describe an additional register stage after this function.  If there is no registered adder/accumulator following the multiply function, two pipeline stages are suggested to allow both the MREG and PREG registers to be used.  If the DSP48 was instantiated in the design, it is suggested to set both the MREG and PREG attributes to 1 when performing multiply functions.
Related violations: <none>

DPOP-2#41 Warning
MREG Output pipelining  
DSP design_1_i/axi_pwm_2x8_0/inst/pwm_signals[7].pwm_inst0/PULSEWIDTH0__0 multiplier stage design_1_i/axi_pwm_2x8_0/inst/pwm_signals[7].pwm_inst0/PULSEWIDTH0__0/P[47:0] is not pipelined (MREG=0). Pipelining the multiplier function will improve performance and will save significant power so it is suggested whenever possible to fully pipeline this function.  If this multiplier was inferred, it is suggested to describe an additional register stage after this function.  If there is no registered adder/accumulator following the multiply function, two pipeline stages are suggested to allow both the MREG and PREG registers to be used.  If the DSP48 was instantiated in the design, it is suggested to set both the MREG and PREG attributes to 1 when performing multiply functions.
Related violations: <none>

DPOP-2#42 Warning
MREG Output pipelining  
DSP design_1_i/axi_pwm_2x8_0/inst/pwm_signals[7].pwm_inst0/PULSEWIDTH0__1 multiplier stage design_1_i/axi_pwm_2x8_0/inst/pwm_signals[7].pwm_inst0/PULSEWIDTH0__1/P[47:0] is not pipelined (MREG=0). Pipelining the multiplier function will improve performance and will save significant power so it is suggested whenever possible to fully pipeline this function.  If this multiplier was inferred, it is suggested to describe an additional register stage after this function.  If there is no registered adder/accumulator following the multiply function, two pipeline stages are suggested to allow both the MREG and PREG registers to be used.  If the DSP48 was instantiated in the design, it is suggested to set both the MREG and PREG attributes to 1 when performing multiply functions.
Related violations: <none>

DPOP-2#43 Warning
MREG Output pipelining  
DSP design_1_i/axi_pwm_2x8_0/inst/pwm_signals[8].pwm_inst0/PULSEWIDTH0 multiplier stage design_1_i/axi_pwm_2x8_0/inst/pwm_signals[8].pwm_inst0/PULSEWIDTH0/P[47:0] is not pipelined (MREG=0). Pipelining the multiplier function will improve performance and will save significant power so it is suggested whenever possible to fully pipeline this function.  If this multiplier was inferred, it is suggested to describe an additional register stage after this function.  If there is no registered adder/accumulator following the multiply function, two pipeline stages are suggested to allow both the MREG and PREG registers to be used.  If the DSP48 was instantiated in the design, it is suggested to set both the MREG and PREG attributes to 1 when performing multiply functions.
Related violations: <none>

DPOP-2#44 Warning
MREG Output pipelining  
DSP design_1_i/axi_pwm_2x8_0/inst/pwm_signals[8].pwm_inst0/PULSEWIDTH0__0 multiplier stage design_1_i/axi_pwm_2x8_0/inst/pwm_signals[8].pwm_inst0/PULSEWIDTH0__0/P[47:0] is not pipelined (MREG=0). Pipelining the multiplier function will improve performance and will save significant power so it is suggested whenever possible to fully pipeline this function.  If this multiplier was inferred, it is suggested to describe an additional register stage after this function.  If there is no registered adder/accumulator following the multiply function, two pipeline stages are suggested to allow both the MREG and PREG registers to be used.  If the DSP48 was instantiated in the design, it is suggested to set both the MREG and PREG attributes to 1 when performing multiply functions.
Related violations: <none>

DPOP-2#45 Warning
MREG Output pipelining  
DSP design_1_i/axi_pwm_2x8_0/inst/pwm_signals[8].pwm_inst0/PULSEWIDTH0__1 multiplier stage design_1_i/axi_pwm_2x8_0/inst/pwm_signals[8].pwm_inst0/PULSEWIDTH0__1/P[47:0] is not pipelined (MREG=0). Pipelining the multiplier function will improve performance and will save significant power so it is suggested whenever possible to fully pipeline this function.  If this multiplier was inferred, it is suggested to describe an additional register stage after this function.  If there is no registered adder/accumulator following the multiply function, two pipeline stages are suggested to allow both the MREG and PREG registers to be used.  If the DSP48 was instantiated in the design, it is suggested to set both the MREG and PREG attributes to 1 when performing multiply functions.
Related violations: <none>

DPOP-2#46 Warning
MREG Output pipelining  
DSP design_1_i/axi_pwm_2x8_0/inst/pwm_signals[9].pwm_inst0/PULSEWIDTH0 multiplier stage design_1_i/axi_pwm_2x8_0/inst/pwm_signals[9].pwm_inst0/PULSEWIDTH0/P[47:0] is not pipelined (MREG=0). Pipelining the multiplier function will improve performance and will save significant power so it is suggested whenever possible to fully pipeline this function.  If this multiplier was inferred, it is suggested to describe an additional register stage after this function.  If there is no registered adder/accumulator following the multiply function, two pipeline stages are suggested to allow both the MREG and PREG registers to be used.  If the DSP48 was instantiated in the design, it is suggested to set both the MREG and PREG attributes to 1 when performing multiply functions.
Related violations: <none>

DPOP-2#47 Warning
MREG Output pipelining  
DSP design_1_i/axi_pwm_2x8_0/inst/pwm_signals[9].pwm_inst0/PULSEWIDTH0__0 multiplier stage design_1_i/axi_pwm_2x8_0/inst/pwm_signals[9].pwm_inst0/PULSEWIDTH0__0/P[47:0] is not pipelined (MREG=0). Pipelining the multiplier function will improve performance and will save significant power so it is suggested whenever possible to fully pipeline this function.  If this multiplier was inferred, it is suggested to describe an additional register stage after this function.  If there is no registered adder/accumulator following the multiply function, two pipeline stages are suggested to allow both the MREG and PREG registers to be used.  If the DSP48 was instantiated in the design, it is suggested to set both the MREG and PREG attributes to 1 when performing multiply functions.
Related violations: <none>

DPOP-2#48 Warning
MREG Output pipelining  
DSP design_1_i/axi_pwm_2x8_0/inst/pwm_signals[9].pwm_inst0/PULSEWIDTH0__1 multiplier stage design_1_i/axi_pwm_2x8_0/inst/pwm_signals[9].pwm_inst0/PULSEWIDTH0__1/P[47:0] is not pipelined (MREG=0). Pipelining the multiplier function will improve performance and will save significant power so it is suggested whenever possible to fully pipeline this function.  If this multiplier was inferred, it is suggested to describe an additional register stage after this function.  If there is no registered adder/accumulator following the multiply function, two pipeline stages are suggested to allow both the MREG and PREG registers to be used.  If the DSP48 was instantiated in the design, it is suggested to set both the MREG and PREG attributes to 1 when performing multiply functions.
Related violations: <none>

PDRC-132#1 Warning
SLICE_PairEqSame_A6A5_WARN  
Luts A6LUT and A5LUT in use in site SLICE_X33Y98 with different equations without A6 pin connected to Global Logic High.
Related violations: <none>

PDRC-134#1 Warning
SLICE_PairEqSame_B6B5_WARN  
Luts B6LUT and B5LUT in use in site SLICE_X33Y98 with different equations without A6 pin connected to Global Logic High.
Related violations: <none>

PDRC-134#2 Warning
SLICE_PairEqSame_B6B5_WARN  
Luts B6LUT and B5LUT in use in site SLICE_X93Y85 with different equations without A6 pin connected to Global Logic High.
Related violations: <none>

PDRC-136#1 Warning
SLICE_PairEqSame_C6C5_WARN  
Luts C6LUT and C5LUT in use in site SLICE_X33Y98 with different equations without A6 pin connected to Global Logic High.
Related violations: <none>

PDRC-138#1 Warning
SLICE_PairEqSame_D6D5_WARN  
Luts D6LUT and D5LUT in use in site SLICE_X103Y79 with different equations without A6 pin connected to Global Logic High.
Related violations: <none>

PDRC-138#2 Warning
SLICE_PairEqSame_D6D5_WARN  
Luts D6LUT and D5LUT in use in site SLICE_X37Y71 with different equations without A6 pin connected to Global Logic High.
Related violations: <none>

PDRC-138#3 Warning
SLICE_PairEqSame_D6D5_WARN  
Luts D6LUT and D5LUT in use in site SLICE_X39Y75 with different equations without A6 pin connected to Global Logic High.
Related violations: <none>

PDRC-140#1 Warning
SLICE_PairEqSame_A6A5_WARN  
Luts A6LUT and A5LUT in use in site SLICE_X38Y66 with different equations without A6 pin connected to Global Logic High.
Related violations: <none>

PDRC-140#2 Warning
SLICE_PairEqSame_A6A5_WARN  
Luts A6LUT and A5LUT in use in site SLICE_X90Y97 with different equations without A6 pin connected to Global Logic High.
Related violations: <none>

PDRC-142#1 Warning
SLICE_PairEqSame_B6B5_WARN  
Luts B6LUT and B5LUT in use in site SLICE_X38Y66 with different equations without A6 pin connected to Global Logic High.
Related violations: <none>

PDRC-142#2 Warning
SLICE_PairEqSame_B6B5_WARN  
Luts B6LUT and B5LUT in use in site SLICE_X90Y97 with different equations without A6 pin connected to Global Logic High.
Related violations: <none>

PDRC-144#1 Warning
SLICE_PairEqSame_C6C5_WARN  
Luts C6LUT and C5LUT in use in site SLICE_X38Y66 with different equations without A6 pin connected to Global Logic High.
Related violations: <none>

PDRC-144#2 Warning
SLICE_PairEqSame_C6C5_WARN  
Luts C6LUT and C5LUT in use in site SLICE_X4Y49 with different equations without A6 pin connected to Global Logic High.
Related violations: <none>

PDRC-144#3 Warning
SLICE_PairEqSame_C6C5_WARN  
Luts C6LUT and C5LUT in use in site SLICE_X90Y97 with different equations without A6 pin connected to Global Logic High.
Related violations: <none>

PDRC-144#4 Warning
SLICE_PairEqSame_C6C5_WARN  
Luts C6LUT and C5LUT in use in site SLICE_X94Y84 with different equations without A6 pin connected to Global Logic High.
Related violations: <none>

PDRC-146#1 Warning
SLICE_PairEqSame_D6D5_WARN  
Luts D6LUT and D5LUT in use in site SLICE_X30Y103 with different equations without A6 pin connected to Global Logic High.
Related violations: <none>

PDRC-146#2 Warning
SLICE_PairEqSame_D6D5_WARN  
Luts D6LUT and D5LUT in use in site SLICE_X36Y92 with different equations without A6 pin connected to Global Logic High.
Related violations: <none>

PDRC-146#3 Warning
SLICE_PairEqSame_D6D5_WARN  
Luts D6LUT and D5LUT in use in site SLICE_X4Y49 with different equations without A6 pin connected to Global Logic High.
Related violations: <none>

PDRC-146#4 Warning
SLICE_PairEqSame_D6D5_WARN  
Luts D6LUT and D5LUT in use in site SLICE_X92Y81 with different equations without A6 pin connected to Global Logic High.
Related violations: <none>

PDRC-146#5 Warning
SLICE_PairEqSame_D6D5_WARN  
Luts D6LUT and D5LUT in use in site SLICE_X94Y84 with different equations without A6 pin connected to Global Logic High.
Related violations: <none>


