#-----------------------------------------------------------
# Vivado v2024.2 (64-bit)
# SW Build 5239630 on Fri Nov 08 22:35:27 MST 2024
# IP Build 5239520 on Sun Nov 10 16:12:51 MST 2024
# SharedData Build 5239561 on Fri Nov 08 14:39:27 MST 2024
# Start of session at: Tue Mar  3 19:01:38 2026
# Process ID         : 2688
# Current directory  : C:/Users/ryansundermeyer/vivado-projects/zybo_axi_sc_pwm/zybo_axi_sc_pwm.runs/impl_1
# Command line       : vivado.exe -log design_1_wrapper.vdi -applog -product Vivado -messageDb vivado.pb -mode batch -source design_1_wrapper.tcl -notrace
# Log file           : C:/Users/ryansundermeyer/vivado-projects/zybo_axi_sc_pwm/zybo_axi_sc_pwm.runs/impl_1/design_1_wrapper.vdi
# Journal file       : C:/Users/ryansundermeyer/vivado-projects/zybo_axi_sc_pwm/zybo_axi_sc_pwm.runs/impl_1\vivado.jou
# Running On         : RYANSUNDERMA8F8
# Platform           : Windows Server 2016 or Windows 10
# Operating System   : 26200
# Processor Detail   : Apple Silicon
# CPU Frequency      : 3072 MHz
# CPU Physical cores : 4
# CPU Logical cores  : 4
# Host memory        : 6435 MB
# Swap memory        : 1207 MB
# Total Virtual      : 7643 MB
# Available Virtual  : 2253 MB
#-----------------------------------------------------------
source design_1_wrapper.tcl -notrace
